Archive member included to satisfy reference by file (symbol)

../Middlewares/ST/AI/Lib\NetworkRuntime720_CM7_GCC.a(ai_platform.o)
                              ./X-CUBE-AI/App/lstm.o (ai_buffer_array_item_set_address)
../Middlewares/ST/AI/Lib\NetworkRuntime720_CM7_GCC.a(ai_platform_interface.o)
                              ./X-CUBE-AI/App/lstm.o (ai_platform_get_weights_map)
../Middlewares/ST/AI/Lib\NetworkRuntime720_CM7_GCC.a(core_mem_manager.o)
                              ../Middlewares/ST/AI/Lib\NetworkRuntime720_CM7_GCC.a(ai_platform_interface.o) (core_mem_alloc)
../Middlewares/ST/AI/Lib\NetworkRuntime720_CM7_GCC.a(core_common.o)
                              ../Middlewares/ST/AI/Lib\NetworkRuntime720_CM7_GCC.a(ai_platform_interface.o) (core_init)
../Middlewares/ST/AI/Lib\NetworkRuntime720_CM7_GCC.a(layers_conv2d_generic_float.o)
                              ./X-CUBE-AI/App/lstm.o (forward_dense)
../Middlewares/ST/AI/Lib\NetworkRuntime720_CM7_GCC.a(layers_rnn_generic_float.o)
                              ./X-CUBE-AI/App/lstm.o (forward_lstm)
../Middlewares/ST/AI/Lib\NetworkRuntime720_CM7_GCC.a(layers_nl_generic_float.o)
                              ./X-CUBE-AI/App/lstm.o (nl_func_sigmoid_array_f32)
../Middlewares/ST/AI/Lib\NetworkRuntime720_CM7_GCC.a(layers.o)
                              ../Middlewares/ST/AI/Lib\NetworkRuntime720_CM7_GCC.a(ai_platform_interface.o) (ai_check_custom_types)
../Middlewares/ST/AI/Lib\NetworkRuntime720_CM7_GCC.a(arm_mat_init_f32.o)
                              ../Middlewares/ST/AI/Lib\NetworkRuntime720_CM7_GCC.a(layers_conv2d_generic_float.o) (st_dsp_arm_mat_init_f32)
../Middlewares/ST/AI/Lib\NetworkRuntime720_CM7_GCC.a(ai_datatypes_internal.o)
                              ../Middlewares/ST/AI/Lib\NetworkRuntime720_CM7_GCC.a(ai_platform_interface.o) (ai_version_get)
../Middlewares/ST/AI/Lib\NetworkRuntime720_CM7_GCC.a(ai_datatypes_format.o)
                              ../Middlewares/ST/AI/Lib\NetworkRuntime720_CM7_GCC.a(ai_platform_interface.o) (ai_array_to_buffer_fmt)
../Middlewares/ST/AI/Lib\NetworkRuntime720_CM7_GCC.a(ai_math_helpers.o)
                              ../Middlewares/ST/AI/Lib\NetworkRuntime720_CM7_GCC.a(layers_nl_generic_float.o) (ai_math_sqrt)
../Middlewares/ST/AI/Lib\NetworkRuntime720_CM7_GCC.a(st_convolve_reference.o)
                              ../Middlewares/ST/AI/Lib\NetworkRuntime720_CM7_GCC.a(ai_math_helpers.o) (align_factor)
c:/st/stm32cubeide_1.7.0/stm32cubeide/plugins/com.st.stm32cube.ide.mcu.externaltools.gnu-tools-for-stm32.10.3-2021.10.win32_1.0.0.202111181127/tools/bin/../lib/gcc/arm-none-eabi/10.3.1/../../../../arm-none-eabi/lib/thumb/v7e-m+dp/hard\libc_nano.a(lib_a-errno.o)
                              ./Core/Src/sysmem.o (__errno)
c:/st/stm32cubeide_1.7.0/stm32cubeide/plugins/com.st.stm32cube.ide.mcu.externaltools.gnu-tools-for-stm32.10.3-2021.10.win32_1.0.0.202111181127/tools/bin/../lib/gcc/arm-none-eabi/10.3.1/../../../../arm-none-eabi/lib/thumb/v7e-m+dp/hard\libc_nano.a(lib_a-exit.o)
                              c:/st/stm32cubeide_1.7.0/stm32cubeide/plugins/com.st.stm32cube.ide.mcu.externaltools.gnu-tools-for-stm32.10.3-2021.10.win32_1.0.0.202111181127/tools/bin/../lib/gcc/arm-none-eabi/10.3.1/../../../../arm-none-eabi/lib/thumb/v7e-m+dp/hard/crt0.o (exit)
c:/st/stm32cubeide_1.7.0/stm32cubeide/plugins/com.st.stm32cube.ide.mcu.externaltools.gnu-tools-for-stm32.10.3-2021.10.win32_1.0.0.202111181127/tools/bin/../lib/gcc/arm-none-eabi/10.3.1/../../../../arm-none-eabi/lib/thumb/v7e-m+dp/hard\libc_nano.a(lib_a-impure.o)
                              c:/st/stm32cubeide_1.7.0/stm32cubeide/plugins/com.st.stm32cube.ide.mcu.externaltools.gnu-tools-for-stm32.10.3-2021.10.win32_1.0.0.202111181127/tools/bin/../lib/gcc/arm-none-eabi/10.3.1/../../../../arm-none-eabi/lib/thumb/v7e-m+dp/hard\libc_nano.a(lib_a-exit.o) (_global_impure_ptr)
c:/st/stm32cubeide_1.7.0/stm32cubeide/plugins/com.st.stm32cube.ide.mcu.externaltools.gnu-tools-for-stm32.10.3-2021.10.win32_1.0.0.202111181127/tools/bin/../lib/gcc/arm-none-eabi/10.3.1/../../../../arm-none-eabi/lib/thumb/v7e-m+dp/hard\libc_nano.a(lib_a-init.o)
                              c:/st/stm32cubeide_1.7.0/stm32cubeide/plugins/com.st.stm32cube.ide.mcu.externaltools.gnu-tools-for-stm32.10.3-2021.10.win32_1.0.0.202111181127/tools/bin/../lib/gcc/arm-none-eabi/10.3.1/../../../../arm-none-eabi/lib/thumb/v7e-m+dp/hard/crt0.o (__libc_init_array)
c:/st/stm32cubeide_1.7.0/stm32cubeide/plugins/com.st.stm32cube.ide.mcu.externaltools.gnu-tools-for-stm32.10.3-2021.10.win32_1.0.0.202111181127/tools/bin/../lib/gcc/arm-none-eabi/10.3.1/../../../../arm-none-eabi/lib/thumb/v7e-m+dp/hard\libc_nano.a(lib_a-malloc.o)
                              ../Middlewares/ST/AI/Lib\NetworkRuntime720_CM7_GCC.a(core_mem_manager.o) (malloc)
[...]
Memory Configuration

Name             Origin             Length             Attributes
RAM              0x0000000020000000 0x0000000000080000 xrw
FLASH            0x0000000008000000 0x0000000000200000 xr
*default*        0x0000000000000000 0xffffffffffffffff

Linker script and memory map

LOAD c:/st/stm32cubeide_1.7.0/stm32cubeide/plugins/com.st.stm32cube.ide.mcu.externaltools.gnu-tools-for-stm32.10.3-2021.10.win32_1.0.0.202111181127/tools/bin/../lib/gcc/arm-none-eabi/10.3.1/thumb/v7e-m+dp/hard/crti.o
LOAD c:/st/stm32cubeide_1.7.0/stm32cubeide/plugins/com.st.stm32cube.ide.mcu.externaltools.gnu-tools-for-stm32.10.3-2021.10.win32_1.0.0.202111181127/tools/bin/../lib/gcc/arm-none-eabi/10.3.1/thumb/v7e-m+dp/hard/crtbegin.o
LOAD c:/st/stm32cubeide_1.7.0/stm32cubeide/plugins/com.st.stm32cube.ide.mcu.externaltools.gnu-tools-for-stm32.10.3-2021.10.win32_1.0.0.202111181127/tools/bin/../lib/gcc/arm-none-eabi/10.3.1/../../../../arm-none-eabi/lib/thumb/v7e-m+dp/hard/crt0.o
LOAD ./Core/Src/main.o
LOAD ./Core/Src/stm32f7xx_hal_msp.o
LOAD ./Core/Src/stm32f7xx_it.o
LOAD ./Core/Src/sysmem.o
LOAD ./Core/Src/system_stm32f7xx.o
LOAD ./Core/Startup/startup_stm32f767zitx.o
LOAD ./Drivers/STM32F7xx_HAL_Driver/Src/stm32f7xx_hal.o
LOAD ./Drivers/STM32F7xx_HAL_Driver/Src/stm32f7xx_hal_cortex.o
LOAD ./Drivers/STM32F7xx_HAL_Driver/Src/stm32f7xx_hal_crc.o
LOAD ./Drivers/STM32F7xx_HAL_Driver/Src/stm32f7xx_hal_crc_ex.o
LOAD ./Drivers/STM32F7xx_HAL_Driver/Src/stm32f7xx_hal_dma.o
LOAD ./Drivers/STM32F7xx_HAL_Driver/Src/stm32f7xx_hal_dma_ex.o
LOAD ./Drivers/STM32F7xx_HAL_Driver/Src/stm32f7xx_hal_eth.o
LOAD ./Drivers/STM32F7xx_HAL_Driver/Src/stm32f7xx_hal_exti.o
LOAD ./Drivers/STM32F7xx_HAL_Driver/Src/stm32f7xx_hal_flash.o
LOAD ./Drivers/STM32F7xx_HAL_Driver/Src/stm32f7xx_hal_flash_ex.o
LOAD ./Drivers/STM32F7xx_HAL_Driver/Src/stm32f7xx_hal_gpio.o
LOAD ./Drivers/STM32F7xx_HAL_Driver/Src/stm32f7xx_hal_i2c.o
LOAD ./Drivers/STM32F7xx_HAL_Driver/Src/stm32f7xx_hal_i2c_ex.o
LOAD ./Drivers/STM32F7xx_HAL_Driver/Src/stm32f7xx_hal_pcd.o
LOAD ./Drivers/STM32F7xx_HAL_Driver/Src/stm32f7xx_hal_pcd_ex.o
LOAD ./Drivers/STM32F7xx_HAL_Driver/Src/stm32f7xx_hal_pwr.o
LOAD ./Drivers/STM32F7xx_HAL_Driver/Src/stm32f7xx_hal_pwr_ex.o
LOAD ./Drivers/STM32F7xx_HAL_Driver/Src/stm32f7xx_hal_rcc.o
LOAD ./Drivers/STM32F7xx_HAL_Driver/Src/stm32f7xx_hal_rcc_ex.o
LOAD ./Drivers/STM32F7xx_HAL_Driver/Src/stm32f7xx_hal_tim.o
LOAD ./Drivers/STM32F7xx_HAL_Driver/Src/stm32f7xx_hal_tim_ex.o
LOAD ./Drivers/STM32F7xx_HAL_Driver/Src/stm32f7xx_ll_dma.o
LOAD ./Drivers/STM32F7xx_HAL_Driver/Src/stm32f7xx_ll_exti.o
LOAD ./Drivers/STM32F7xx_HAL_Driver/Src/stm32f7xx_ll_gpio.o
LOAD ./Drivers/STM32F7xx_HAL_Driver/Src/stm32f7xx_ll_rcc.o
LOAD ./Drivers/STM32F7xx_HAL_Driver/Src/stm32f7xx_ll_rng.o
LOAD ./Drivers/STM32F7xx_HAL_Driver/Src/stm32f7xx_ll_tim.o
LOAD ./Drivers/STM32F7xx_HAL_Driver/Src/stm32f7xx_ll_usart.o
LOAD ./Drivers/STM32F7xx_HAL_Driver/Src/stm32f7xx_ll_usb.o
LOAD ./Drivers/STM32F7xx_HAL_Driver/Src/stm32f7xx_ll_utils.o
LOAD ./X-CUBE-AI/App/lstm.o
LOAD ./X-CUBE-AI/App/lstm_data.o
LOAD ./X-CUBE-AI/App/lstm_data_params.o
LOAD ../Middlewares/ST/AI/Lib\NetworkRuntime720_CM7_GCC.a
START GROUP
LOAD c:/st/stm32cubeide_1.7.0/stm32cubeide/plugins/com.st.stm32cube.ide.mcu.externaltools.gnu-tools-for-stm32.10.3-2021.10.win32_1.0.0.202111181127/tools/bin/../lib/gcc/arm-none-eabi/10.3.1/../../../../arm-none-eabi/lib/thumb/v7e-m+dp/hard\libc_nano.a
LOAD c:/st/stm32cubeide_1.7.0/stm32cubeide/plugins/com.st.stm32cube.ide.mcu.externaltools.gnu-tools-for-stm32.10.3-2021.10.win32_1.0.0.202111181127/tools/bin/../lib/gcc/arm-none-eabi/10.3.1/../../../../arm-none-eabi/lib/thumb/v7e-m+dp/hard\libm.a
END GROUP
START GROUP
LOAD c:/st/stm32cubeide_1.7.0/stm32cubeide/plugins/com.st.stm32cube.ide.mcu.externaltools.gnu-tools-for-stm32.10.3-2021.10.win32_1.0.0.202111181127/tools/bin/../lib/gcc/arm-none-eabi/10.3.1/thumb/v7e-m+dp/hard\libgcc.a
LOAD c:/st/stm32cubeide_1.7.0/stm32cubeide/plugins/com.st.stm32cube.ide.mcu.externaltools.gnu-tools-for-stm32.10.3-2021.10.win32_1.0.0.202111181127/tools/bin/../lib/gcc/arm-none-eabi/10.3.1/../../../../arm-none-eabi/lib/thumb/v7e-m+dp/hard\libc_nano.a
END GROUP
START GROUP
LOAD c:/st/stm32cubeide_1.7.0/stm32cubeide/plugins/com.st.stm32cube.ide.mcu.externaltools.gnu-tools-for-stm32.10.3-2021.10.win32_1.0.0.202111181127/tools/bin/../lib/gcc/arm-none-eabi/10.3.1/thumb/v7e-m+dp/hard\libgcc.a
LOAD c:/st/stm32cubeide_1.7.0/stm32cubeide/plugins/com.st.stm32cube.ide.mcu.externaltools.gnu-tools-for-stm32.10.3-2021.10.win32_1.0.0.202111181127/tools/bin/../lib/gcc/arm-none-eabi/10.3.1/../../../../arm-none-eabi/lib/thumb/v7e-m+dp/hard\libc_nano.a
LOAD c:/st/stm32cubeide_1.7.0/stm32cubeide/plugins/com.st.stm32cube.ide.mcu.externaltools.gnu-tools-for-stm32.10.3-2021.10.win32_1.0.0.202111181127/tools/bin/../lib/gcc/arm-none-eabi/10.3.1/../../../../arm-none-eabi/lib/thumb/v7e-m+dp/hard\libnosys.a
END GROUP
START GROUP
LOAD c:/st/stm32cubeide_1.7.0/stm32cubeide/plugins/com.st.stm32cube.ide.mcu.externaltools.gnu-tools-for-stm32.10.3-2021.10.win32_1.0.0.202111181127/tools/bin/../lib/gcc/arm-none-eabi/10.3.1/thumb/v7e-m+dp/hard\libgcc.a
LOAD c:/st/stm32cubeide_1.7.0/stm32cubeide/plugins/com.st.stm32cube.ide.mcu.externaltools.gnu-tools-for-stm32.10.3-2021.10.win32_1.0.0.202111181127/tools/bin/../lib/gcc/arm-none-eabi/10.3.1/../../../../arm-none-eabi/lib/thumb/v7e-m+dp/hard\libc_nano.a
LOAD c:/st/stm32cubeide_1.7.0/stm32cubeide/plugins/com.st.stm32cube.ide.mcu.externaltools.gnu-tools-for-stm32.10.3-2021.10.win32_1.0.0.202111181127/tools/bin/../lib/gcc/arm-none-eabi/10.3.1/../../../../arm-none-eabi/lib/thumb/v7e-m+dp/hard\libnosys.a
END GROUP
LOAD c:/st/stm32cubeide_1.7.0/stm32cubeide/plugins/com.st.stm32cube.ide.mcu.externaltools.gnu-tools-for-stm32.10.3-2021.10.win32_1.0.0.202111181127/tools/bin/../lib/gcc/arm-none-eabi/10.3.1/thumb/v7e-m+dp/hard/crtend.o
LOAD c:/st/stm32cubeide_1.7.0/stm32cubeide/plugins/com.st.stm32cube.ide.mcu.externaltools.gnu-tools-for-stm32.10.3-2021.10.win32_1.0.0.202111181127/tools/bin/../lib/gcc/arm-none-eabi/10.3.1/thumb/v7e-m+dp/hard/crtn.o
                0x0000000020080000                _estack = (ORIGIN (RAM) + LENGTH (RAM))
                0x0000000000000800                _Min_Heap_Size = 0x800
                0x0000000000001000                _Min_Stack_Size = 0x1000

.isr_vector     0x0000000008000000      0x1f8
                0x0000000008000000                . = ALIGN (0x4)
 *(.isr_vector)
 .isr_vector    0x0000000008000000      0x1f8 ./Core/Startup/startup_stm32f767zitx.o
                0x0000000008000000                g_pfnVectors
                0x00000000080001f8                . = ALIGN (0x4)

.text           0x0000000008000200     0xf118
                0x0000000008000200                . = ALIGN (0x4)
 *(.text)
 .text          0x0000000008000200       0x40 c:/st/stm32cubeide_1.7.0/stm32cubeide/plugins/com.st.stm32cube.ide.mcu.externaltools.gnu-tools-for-stm32.10.3-2021.10.win32_1.0.0.202111181127/tools/bin/../lib/gcc/arm-none-eabi/10.3.1/thumb/v7e-m+dp/hard/crtbegin.o
 .text          0x0000000008000240       0x10 c:/st/stm32cubeide_1.7.0/stm32cubeide/plugins/com.st.stm32cube.ide.mcu.externaltools.gnu-tools-for-stm32.10.3-2021.10.win32_1.0.0.202111181127/tools/bin/../lib/gcc/arm-none-eabi/10.3.1/../../../../arm-none-eabi/lib/thumb/v7e-m+dp/hard\libc_nano.a(lib_a-strlen.o)
                0x0000000008000240                strlen
 .text          0x0000000008000250       0xa0 c:/st/stm32cubeide_1.7.0/stm32cubeide/plugins/com.st.stm32cube.ide.mcu.externaltools.gnu-tools-for-stm32.10.3-2021.10.win32_1.0.0.202111181127/tools/bin/../lib/gcc/arm-none-eabi/10.3.1/../../../../arm-none-eabi/lib/thumb/v7e-m+dp/hard\libc_nano.a(lib_a-memchr.o)
                0x0000000008000250                memchr
 .text          0x00000000080002f0      0x378 c:/st/stm32cubeide_1.7.0/stm32cubeide/plugins/com.st.stm32cube.ide.mcu.externaltools.gnu-tools-for-stm32.10.3-2021.10.win32_1.0.0.202111181127/tools/bin/../lib/gcc/arm-none-eabi/10.3.1/thumb/v7e-m+dp/hard\libgcc.a(_arm_addsubdf3.o)
                0x00000000080002f0                __aeabi_drsub
                0x00000000080002f8                __aeabi_dsub
                0x00000000080002f8                __subdf3
                0x00000000080002fc                __aeabi_dadd
                0x00000000080002fc                __adddf3
                0x0000000008000574                __floatunsidf
                0x0000000008000574                __aeabi_ui2d
                0x0000000008000594                __floatsidf
                0x0000000008000594                __aeabi_i2d
                0x00000000080005b8                __aeabi_f2d
                0x00000000080005b8                __extendsfdf2
                0x00000000080005fc                __floatundidf
                0x00000000080005fc                __aeabi_ul2d
                0x000000000800060c                __floatdidf
                0x000000000800060c                __aeabi_l2d
 .text          0x0000000008000668       0x30 c:/st/stm32cubeide_1.7.0/stm32cubeide/plugins/com.st.stm32cube.ide.mcu.externaltools.gnu-tools-for-stm32.10.3-2021.10.win32_1.0.0.202111181127/tools/bin/../lib/gcc/arm-none-eabi/10.3.1/thumb/v7e-m+dp/hard\libgcc.a(_aeabi_uldivmod.o)
                0x0000000008000668                __aeabi_uldivmod
 .text          0x0000000008000698       0x30 c:/st/stm32cubeide_1.7.0/stm32cubeide/plugins/com.st.stm32cube.ide.mcu.externaltools.gnu-tools-for-stm32.10.3-2021.10.win32_1.0.0.202111181127/tools/bin/../lib/gcc/arm-none-eabi/10.3.1/thumb/v7e-m+dp/hard\libgcc.a(_fixdfdi.o)
                0x0000000008000698                __fixdfdi
                0x0000000008000698                __aeabi_d2lz
 .text          0x00000000080006c8       0x40 c:/st/stm32cubeide_1.7.0/stm32cubeide/plugins/com.st.stm32cube.ide.mcu.externaltools.gnu-tools-for-stm32.10.3-2021.10.win32_1.0.0.202111181127/tools/bin/../lib/gcc/arm-none-eabi/10.3.1/thumb/v7e-m+dp/hard\libgcc.a(_fixunsdfdi.o)
                0x00000000080006c8                __fixunsdfdi
                0x00000000080006c8                __aeabi_d2ulz
 .text          0x0000000008000708      0x2d0 c:/st/stm32cubeide_1.7.0/stm32cubeide/plugins/com.st.stm32cube.ide.mcu.externaltools.gnu-tools-for-stm32.10.3-2021.10.win32_1.0.0.202111181127/tools/bin/../lib/gcc/arm-none-eabi/10.3.1/thumb/v7e-m+dp/hard\libgcc.a(_udivmoddi4.o)
                0x0000000008000708                __udivmoddi4
 .text          0x00000000080009d8        0x4 c:/st/stm32cubeide_1.7.0/stm32cubeide/plugins/com.st.stm32cube.ide.mcu.externaltools.gnu-tools-for-stm32.10.3-2021.10.win32_1.0.0.202111181127/tools/bin/../lib/gcc/arm-none-eabi/10.3.1/thumb/v7e-m+dp/hard\libgcc.a(_dvmd_tls.o)
                0x00000000080009d8                __aeabi_idiv0
                0x00000000080009d8                __aeabi_ldiv0
 *(.text*)
 .text.__NVIC_GetPriorityGrouping
                0x00000000080009dc       0x1c ./Core/Src/main.o
 .text.__NVIC_EnableIRQ
                0x00000000080009f8       0x3c ./Core/Src/main.o
 .text.__NVIC_SetPriority
                0x0000000008000a34       0x54 ./Core/Src/main.o
 .text.NVIC_EncodePriority
                0x0000000008000a88       0x66 ./Core/Src/main.o
 *fill*         0x0000000008000aee        0x2 
 .text.SCB_EnableICache
                0x0000000008000af0       0x4c ./Core/Src/main.o
 .text.SCB_EnableDCache
                0x0000000008000b3c       0x88 ./Core/Src/main.o
 .text.LL_RNG_Enable
                0x0000000008000bc4       0x20 ./Core/Src/main.o
 .text.LL_TIM_EnableCounter
                0x0000000008000be4       0x20 ./Core/Src/main.o
 .text.LL_TIM_DisableCounter
                0x0000000008000c04       0x20 ./Core/Src/main.o
 .text.LL_TIM_DisableARRPreload
                0x0000000008000c24       0x20 ./Core/Src/main.o
 .text.LL_TIM_SetCounter
                0x0000000008000c44       0x1c ./Core/Src/main.o
 .text.LL_TIM_GetCounter
                0x0000000008000c60       0x18 ./Core/Src/main.o
 .text.LL_TIM_GetAutoReload
                0x0000000008000c78       0x18 ./Core/Src/main.o
 .text.LL_TIM_ClearFlag_UPDATE
                0x0000000008000c90       0x1c ./Core/Src/main.o
 .text.LL_TIM_EnableIT_UPDATE
                0x0000000008000cac       0x20 ./Core/Src/main.o
 .text.LL_USART_Enable
                0x0000000008000ccc       0x20 ./Core/Src/main.o
 .text.LL_USART_ConfigAsyncMode
                0x0000000008000cec       0x2c ./Core/Src/main.o
 .text.LL_USART_IsActiveFlag_TC
                0x0000000008000d18       0x26 ./Core/Src/main.o
 .text.LL_USART_ClearFlag_TC
                0x0000000008000d3e       0x1a ./Core/Src/main.o
 .text.LL_USART_TransmitData8
                0x0000000008000d58       0x1e ./Core/Src/main.o
 *fill*         0x0000000008000d76        0x2 
 .text.LL_AHB1_GRP1_EnableClock
                0x0000000008000d78       0x30 ./Core/Src/main.o
 .text.LL_AHB2_GRP1_EnableClock
                0x0000000008000da8       0x30 ./Core/Src/main.o
 .text.LL_APB1_GRP1_EnableClock
                0x0000000008000dd8       0x30 ./Core/Src/main.o
 .text.main     0x0000000008000e08      0x218 ./Core/Src/main.o
                0x0000000008000e08                main
 .text.SystemClock_Config
                0x0000000008001020       0xe0 ./Core/Src/main.o
                0x0000000008001020                SystemClock_Config
 .text.MX_CRC_Init
                0x0000000008001100       0x44 ./Core/Src/main.o
 .text.MX_ETH_Init
                0x0000000008001144       0x9c ./Core/Src/main.o
 .text.MX_RNG_Init
                0x00000000080011e0       0x48 ./Core/Src/main.o
 .text.MX_TIM13_Init
                0x0000000008001228       0x68 ./Core/Src/main.o
 .text.MX_TIM14_Init
                0x0000000008001290       0x6c ./Core/Src/main.o
 .text.MX_USART3_UART_Init
                0x00000000080012fc      0x11c ./Core/Src/main.o
 .text.MX_USB_OTG_FS_PCD_Init
                0x0000000008001418       0x5c ./Core/Src/main.o
 .text.MX_GPIO_Init
                0x0000000008001474      0x144 ./Core/Src/main.o
 .text.sendDebugMsg
                0x00000000080015b8       0x6c ./Core/Src/main.o
                0x00000000080015b8                sendDebugMsg
 .text.configCounter
                0x0000000008001624       0x22 ./Core/Src/main.o
                0x0000000008001624                configCounter
 *fill*         0x0000000008001646        0x2 
 .text.getTimeus
                0x0000000008001648       0x7c ./Core/Src/main.o
                0x0000000008001648                getTimeus
 .text.resetCounter
                0x00000000080016c4       0x20 ./Core/Src/main.o
                0x00000000080016c4                resetCounter
 .text.randomInput
                0x00000000080016e4       0x4c ./Core/Src/main.o
                0x00000000080016e4                randomInput
 .text.modelRun
                0x0000000008001730      0x2f8 ./Core/Src/main.o
                0x0000000008001730                modelRun
 .text.normalizationPred
                0x0000000008001a28       0x40 ./Core/Src/main.o
                0x0000000008001a28                normalizationPred
 .text.calcCP   0x0000000008001a68       0x80 ./Core/Src/main.o
                0x0000000008001a68                calcCP
 .text.calcCM   0x0000000008001ae8       0x80 ./Core/Src/main.o
                0x0000000008001ae8                calcCM
 .text.Error_Handler
                0x0000000008001b68        0xa ./Core/Src/main.o
                0x0000000008001b68                Error_Handler
 *fill*         0x0000000008001b72        0x2 
 .text.HAL_MspInit
                0x0000000008001b74       0x48 ./Core/Src/stm32f7xx_hal_msp.o
                0x0000000008001b74                HAL_MspInit
 .text.HAL_CRC_MspInit
                0x0000000008001bbc       0x40 ./Core/Src/stm32f7xx_hal_msp.o
                0x0000000008001bbc                HAL_CRC_MspInit
 .text.HAL_ETH_MspInit
                0x0000000008001bfc      0x170 ./Core/Src/stm32f7xx_hal_msp.o
                0x0000000008001bfc                HAL_ETH_MspInit
 .text.HAL_PCD_MspInit
                0x0000000008001d6c       0xf4 ./Core/Src/stm32f7xx_hal_msp.o
                0x0000000008001d6c                HAL_PCD_MspInit
 .text.LL_TIM_IsEnabledCounter
                0x0000000008001e60       0x26 ./Core/Src/stm32f7xx_it.o
 .text.LL_TIM_ClearFlag_UPDATE
                0x0000000008001e86       0x1c ./Core/Src/stm32f7xx_it.o
 .text.LL_TIM_IsActiveFlag_UPDATE
                0x0000000008001ea2       0x26 ./Core/Src/stm32f7xx_it.o
 .text.NMI_Handler
                0x0000000008001ec8        0x6 ./Core/Src/stm32f7xx_it.o
                0x0000000008001ec8                NMI_Handler
 .text.HardFault_Handler
                0x0000000008001ece        0x6 ./Core/Src/stm32f7xx_it.o
                0x0000000008001ece                HardFault_Handler
 .text.MemManage_Handler
                0x0000000008001ed4        0x6 ./Core/Src/stm32f7xx_it.o
                0x0000000008001ed4                MemManage_Handler
 .text.BusFault_Handler
                0x0000000008001eda        0x6 ./Core/Src/stm32f7xx_it.o
                0x0000000008001eda                BusFault_Handler
 .text.UsageFault_Handler
                0x0000000008001ee0        0x6 ./Core/Src/stm32f7xx_it.o
                0x0000000008001ee0                UsageFault_Handler
 .text.SVC_Handler
                0x0000000008001ee6        0xe ./Core/Src/stm32f7xx_it.o
                0x0000000008001ee6                SVC_Handler
 .text.DebugMon_Handler
                0x0000000008001ef4        0xe ./Core/Src/stm32f7xx_it.o
                0x0000000008001ef4                DebugMon_Handler
 .text.PendSV_Handler
                0x0000000008001f02        0xe ./Core/Src/stm32f7xx_it.o
                0x0000000008001f02                PendSV_Handler
 .text.SysTick_Handler
                0x0000000008001f10        0xc ./Core/Src/stm32f7xx_it.o
                0x0000000008001f10                SysTick_Handler
 .text.TIM8_UP_TIM13_IRQHandler
                0x0000000008001f1c       0x38 ./Core/Src/stm32f7xx_it.o
                0x0000000008001f1c                TIM8_UP_TIM13_IRQHandler
 .text.TIM8_TRG_COM_TIM14_IRQHandler
                0x0000000008001f54       0x38 ./Core/Src/stm32f7xx_it.o
                0x0000000008001f54                TIM8_TRG_COM_TIM14_IRQHandler
 .text._sbrk    0x0000000008001f8c       0x6c ./Core/Src/sysmem.o
                0x0000000008001f8c                _sbrk
 .text.SystemInit
                0x0000000008001ff8       0x24 ./Core/Src/system_stm32f7xx.o
                0x0000000008001ff8                SystemInit
 .text.Reset_Handler
                0x000000000800201c       0x50 ./Core/Startup/startup_stm32f767zitx.o
                0x000000000800201c                Reset_Handler
 .text.Default_Handler
                0x000000000800206c        0x2 ./Core/Startup/startup_stm32f767zitx.o
                0x000000000800206c                RTC_Alarm_IRQHandler
                0x000000000800206c                EXTI2_IRQHandler
                0x000000000800206c                TIM8_CC_IRQHandler
                0x000000000800206c                UART8_IRQHandler
                0x000000000800206c                SPI4_IRQHandler
                0x000000000800206c                TIM1_CC_IRQHandler
                0x000000000800206c                DMA2_Stream5_IRQHandler
                0x000000000800206c                JPEG_IRQHandler
                0x000000000800206c                DMA1_Stream5_IRQHandler
                0x000000000800206c                CAN3_RX1_IRQHandler
                0x000000000800206c                PVD_IRQHandler
                0x000000000800206c                TAMP_STAMP_IRQHandler
                0x000000000800206c                CAN2_RX1_IRQHandler
                0x000000000800206c                EXTI3_IRQHandler
                0x000000000800206c                DFSDM1_FLT1_IRQHandler
                0x000000000800206c                TIM1_UP_TIM10_IRQHandler
                0x000000000800206c                I2C3_ER_IRQHandler
                0x000000000800206c                DFSDM1_FLT2_IRQHandler
                0x000000000800206c                EXTI0_IRQHandler
                0x000000000800206c                I2C2_EV_IRQHandler
                0x000000000800206c                DMA1_Stream2_IRQHandler
                0x000000000800206c                CAN1_RX0_IRQHandler
                0x000000000800206c                FPU_IRQHandler
                0x000000000800206c                OTG_HS_WKUP_IRQHandler
                0x000000000800206c                CAN3_SCE_IRQHandler
                0x000000000800206c                LTDC_ER_IRQHandler
                0x000000000800206c                CAN2_SCE_IRQHandler
                0x000000000800206c                DMA2_Stream2_IRQHandler
                0x000000000800206c                SPI1_IRQHandler
                0x000000000800206c                TIM6_DAC_IRQHandler
                0x000000000800206c                TIM1_BRK_TIM9_IRQHandler
                0x000000000800206c                DCMI_IRQHandler
                0x000000000800206c                CAN2_RX0_IRQHandler
                0x000000000800206c                DMA2_Stream3_IRQHandler
                0x000000000800206c                SAI2_IRQHandler
                0x000000000800206c                DFSDM1_FLT3_IRQHandler
                0x000000000800206c                USART6_IRQHandler
                0x000000000800206c                CAN3_RX0_IRQHandler
                0x000000000800206c                USART3_IRQHandler
                0x000000000800206c                CAN1_RX1_IRQHandler
                0x000000000800206c                UART5_IRQHandler
                0x000000000800206c                DMA2_Stream0_IRQHandler
                0x000000000800206c                TIM4_IRQHandler
                0x000000000800206c                QUADSPI_IRQHandler
                0x000000000800206c                I2C1_EV_IRQHandler
                0x000000000800206c                DMA1_Stream6_IRQHandler
                0x000000000800206c                DMA1_Stream1_IRQHandler
                0x000000000800206c                UART4_IRQHandler
                0x000000000800206c                TIM3_IRQHandler
                0x000000000800206c                RCC_IRQHandler
                0x000000000800206c                TIM8_BRK_TIM12_IRQHandler
                0x000000000800206c                Default_Handler
                0x000000000800206c                CEC_IRQHandler
                0x000000000800206c                EXTI15_10_IRQHandler
                0x000000000800206c                ADC_IRQHandler
                0x000000000800206c                DMA1_Stream7_IRQHandler
                0x000000000800206c                SPI5_IRQHandler
                0x000000000800206c                TIM7_IRQHandler
                0x000000000800206c                SDMMC1_IRQHandler
                0x000000000800206c                CAN2_TX_IRQHandler
                0x000000000800206c                TIM5_IRQHandler
                0x000000000800206c                DMA2_Stream7_IRQHandler
                0x000000000800206c                I2C3_EV_IRQHandler
                0x000000000800206c                EXTI9_5_IRQHandler
                0x000000000800206c                RTC_WKUP_IRQHandler
                0x000000000800206c                LTDC_IRQHandler
                0x000000000800206c                ETH_WKUP_IRQHandler
                0x000000000800206c                SPDIF_RX_IRQHandler
                0x000000000800206c                SPI2_IRQHandler
                0x000000000800206c                OTG_HS_EP1_IN_IRQHandler
                0x000000000800206c                DMA1_Stream0_IRQHandler
                0x000000000800206c                CAN1_TX_IRQHandler
                0x000000000800206c                EXTI4_IRQHandler
                0x000000000800206c                RNG_IRQHandler
                0x000000000800206c                ETH_IRQHandler
                0x000000000800206c                OTG_HS_EP1_OUT_IRQHandler
                0x000000000800206c                WWDG_IRQHandler
                0x000000000800206c                SPI6_IRQHandler
                0x000000000800206c                MDIOS_IRQHandler
                0x000000000800206c                I2C4_EV_IRQHandler
                0x000000000800206c                CAN3_TX_IRQHandler
                0x000000000800206c                TIM2_IRQHandler
                0x000000000800206c                OTG_FS_WKUP_IRQHandler
                0x000000000800206c                TIM1_TRG_COM_TIM11_IRQHandler
                0x000000000800206c                OTG_HS_IRQHandler
                0x000000000800206c                DMA2D_IRQHandler
                0x000000000800206c                EXTI1_IRQHandler
                0x000000000800206c                SDMMC2_IRQHandler
                0x000000000800206c                UART7_IRQHandler
                0x000000000800206c                USART2_IRQHandler
                0x000000000800206c                DFSDM1_FLT0_IRQHandler
                0x000000000800206c                I2C2_ER_IRQHandler
                0x000000000800206c                DMA2_Stream1_IRQHandler
                0x000000000800206c                CAN1_SCE_IRQHandler
                0x000000000800206c                FLASH_IRQHandler
                0x000000000800206c                DMA2_Stream4_IRQHandler
                0x000000000800206c                USART1_IRQHandler
                0x000000000800206c                OTG_FS_IRQHandler
                0x000000000800206c                SPI3_IRQHandler
                0x000000000800206c                DMA1_Stream4_IRQHandler
                0x000000000800206c                I2C1_ER_IRQHandler
                0x000000000800206c                FMC_IRQHandler
                0x000000000800206c                LPTIM1_IRQHandler
                0x000000000800206c                I2C4_ER_IRQHandler
                0x000000000800206c                DMA2_Stream6_IRQHandler
                0x000000000800206c                SAI1_IRQHandler
                0x000000000800206c                DMA1_Stream3_IRQHandler
 .text.HAL_Init
                0x000000000800206e       0x1a ./Drivers/STM32F7xx_HAL_Driver/Src/stm32f7xx_hal.o
                0x000000000800206e                HAL_Init
 .text.HAL_InitTick
                0x0000000008002088       0x60 ./Drivers/STM32F7xx_HAL_Driver/Src/stm32f7xx_hal.o
                0x0000000008002088                HAL_InitTick
 .text.HAL_IncTick
                0x00000000080020e8       0x28 ./Drivers/STM32F7xx_HAL_Driver/Src/stm32f7xx_hal.o
                0x00000000080020e8                HAL_IncTick
 .text.HAL_GetTick
                0x0000000008002110       0x18 ./Drivers/STM32F7xx_HAL_Driver/Src/stm32f7xx_hal.o
                0x0000000008002110                HAL_GetTick
 .text.HAL_Delay
                0x0000000008002128       0x48 ./Drivers/STM32F7xx_HAL_Driver/Src/stm32f7xx_hal.o
                0x0000000008002128                HAL_Delay
 .text.__NVIC_SetPriorityGrouping
                0x0000000008002170       0x48 ./Drivers/STM32F7xx_HAL_Driver/Src/stm32f7xx_hal_cortex.o
 .text.__NVIC_GetPriorityGrouping
                0x00000000080021b8       0x1c ./Drivers/STM32F7xx_HAL_Driver/Src/stm32f7xx_hal_cortex.o
 .text.__NVIC_SetPriority
                0x00000000080021d4       0x54 ./Drivers/STM32F7xx_HAL_Driver/Src/stm32f7xx_hal_cortex.o
 .text.NVIC_EncodePriority
                0x0000000008002228       0x66 ./Drivers/STM32F7xx_HAL_Driver/Src/stm32f7xx_hal_cortex.o
 *fill*         0x000000000800228e        0x2 
 .text.SysTick_Config
                0x0000000008002290       0x44 ./Drivers/STM32F7xx_HAL_Driver/Src/stm32f7xx_hal_cortex.o
 .text.HAL_NVIC_SetPriorityGrouping
                0x00000000080022d4       0x16 ./Drivers/STM32F7xx_HAL_Driver/Src/stm32f7xx_hal_cortex.o
                0x00000000080022d4                HAL_NVIC_SetPriorityGrouping
 .text.HAL_NVIC_SetPriority
                0x00000000080022ea       0x38 ./Drivers/STM32F7xx_HAL_Driver/Src/stm32f7xx_hal_cortex.o
                0x00000000080022ea                HAL_NVIC_SetPriority
 .text.HAL_SYSTICK_Config
                0x0000000008002322       0x18 ./Drivers/STM32F7xx_HAL_Driver/Src/stm32f7xx_hal_cortex.o
                0x0000000008002322                HAL_SYSTICK_Config
 *fill*         0x000000000800233a        0x2 
 .text.HAL_CRC_Init
                0x000000000800233c       0xc8 ./Drivers/STM32F7xx_HAL_Driver/Src/stm32f7xx_hal_crc.o
                0x000000000800233c                HAL_CRC_Init
 .text.HAL_CRCEx_Polynomial_Set
                0x0000000008002404      0x10c ./Drivers/STM32F7xx_HAL_Driver/Src/stm32f7xx_hal_crc_ex.o
                0x0000000008002404                HAL_CRCEx_Polynomial_Set
 .text.HAL_ETH_Init
                0x0000000008002510       0xf8 ./Drivers/STM32F7xx_HAL_Driver/Src/stm32f7xx_hal_eth.o
                0x0000000008002510                HAL_ETH_Init
 .text.ETH_SetMACConfig
                0x0000000008002608      0x160 ./Drivers/STM32F7xx_HAL_Driver/Src/stm32f7xx_hal_eth.o
 .text.ETH_SetDMAConfig
                0x0000000008002768      0x114 ./Drivers/STM32F7xx_HAL_Driver/Src/stm32f7xx_hal_eth.o
 .text.ETH_MACDMAConfig
                0x000000000800287c       0xe4 ./Drivers/STM32F7xx_HAL_Driver/Src/stm32f7xx_hal_eth.o
 .text.ETH_MACAddressConfig
                0x0000000008002960       0x70 ./Drivers/STM32F7xx_HAL_Driver/Src/stm32f7xx_hal_eth.o
 .text.ETH_DMATxDescListInit
                0x00000000080029d0       0xb2 ./Drivers/STM32F7xx_HAL_Driver/Src/stm32f7xx_hal_eth.o
 .text.ETH_DMARxDescListInit
                0x0000000008002a82       0xda ./Drivers/STM32F7xx_HAL_Driver/Src/stm32f7xx_hal_eth.o
 .text.HAL_GPIO_Init
                0x0000000008002b5c      0x358 ./Drivers/STM32F7xx_HAL_Driver/Src/stm32f7xx_hal_gpio.o
                0x0000000008002b5c                HAL_GPIO_Init
 .text.HAL_GPIO_WritePin
                0x0000000008002eb4       0x32 ./Drivers/STM32F7xx_HAL_Driver/Src/stm32f7xx_hal_gpio.o
                0x0000000008002eb4                HAL_GPIO_WritePin
 .text.HAL_PCD_Init
                0x0000000008002ee6      0x248 ./Drivers/STM32F7xx_HAL_Driver/Src/stm32f7xx_hal_pcd.o
                0x0000000008002ee6                HAL_PCD_Init
 *fill*         0x000000000800312e        0x2 
 .text.HAL_PCDEx_ActivateLPM
                0x0000000008003130       0x48 ./Drivers/STM32F7xx_HAL_Driver/Src/stm32f7xx_hal_pcd_ex.o
                0x0000000008003130                HAL_PCDEx_ActivateLPM
 .text.HAL_PWR_EnableBkUpAccess
                0x0000000008003178       0x20 ./Drivers/STM32F7xx_HAL_Driver/Src/stm32f7xx_hal_pwr.o
                0x0000000008003178                HAL_PWR_EnableBkUpAccess
 .text.HAL_PWREx_EnableOverDrive
                0x0000000008003198       0xa0 ./Drivers/STM32F7xx_HAL_Driver/Src/stm32f7xx_hal_pwr_ex.o
                0x0000000008003198                HAL_PWREx_EnableOverDrive
 .text.HAL_RCC_OscConfig
                0x0000000008003238      0x55c ./Drivers/STM32F7xx_HAL_Driver/Src/stm32f7xx_hal_rcc.o
                0x0000000008003238                HAL_RCC_OscConfig
 .text.HAL_RCC_ClockConfig
                0x0000000008003794      0x1d8 ./Drivers/STM32F7xx_HAL_Driver/Src/stm32f7xx_hal_rcc.o
                0x0000000008003794                HAL_RCC_ClockConfig
 .text.HAL_RCC_GetSysClockFreq
                0x000000000800396c      0x20c ./Drivers/STM32F7xx_HAL_Driver/Src/stm32f7xx_hal_rcc.o
                0x000000000800396c                HAL_RCC_GetSysClockFreq
 .text.HAL_RCCEx_PeriphCLKConfig
                0x0000000008003b78      0x850 ./Drivers/STM32F7xx_HAL_Driver/Src/stm32f7xx_hal_rcc_ex.o
                0x0000000008003b78                HAL_RCCEx_PeriphCLKConfig
 .text.LL_GPIO_SetPinMode
                0x00000000080043c8       0x5e ./Drivers/STM32F7xx_HAL_Driver/Src/stm32f7xx_ll_gpio.o
 .text.LL_GPIO_SetPinOutputType
                0x0000000008004426       0x30 ./Drivers/STM32F7xx_HAL_Driver/Src/stm32f7xx_ll_gpio.o
 .text.LL_GPIO_SetPinSpeed
                0x0000000008004456       0x5e ./Drivers/STM32F7xx_HAL_Driver/Src/stm32f7xx_ll_gpio.o
 .text.LL_GPIO_SetPinPull
                0x00000000080044b4       0x5e ./Drivers/STM32F7xx_HAL_Driver/Src/stm32f7xx_ll_gpio.o
 .text.LL_GPIO_SetAFPin_0_7
                0x0000000008004512       0x5e ./Drivers/STM32F7xx_HAL_Driver/Src/stm32f7xx_ll_gpio.o
 .text.LL_GPIO_SetAFPin_8_15
                0x0000000008004570       0x62 ./Drivers/STM32F7xx_HAL_Driver/Src/stm32f7xx_ll_gpio.o
 .text.LL_GPIO_Init
                0x00000000080045d2       0xe8 ./Drivers/STM32F7xx_HAL_Driver/Src/stm32f7xx_ll_gpio.o
                0x00000000080045d2                LL_GPIO_Init
 *fill*         0x00000000080046ba        0x2 
 .text.LL_RCC_HSI_IsReady
                0x00000000080046bc       0x24 ./Drivers/STM32F7xx_HAL_Driver/Src/stm32f7xx_ll_rcc.o
 .text.LL_RCC_LSE_IsReady
                0x00000000080046e0       0x24 ./Drivers/STM32F7xx_HAL_Driver/Src/stm32f7xx_ll_rcc.o
 .text.LL_RCC_GetSysClkSource
                0x0000000008004704       0x1c ./Drivers/STM32F7xx_HAL_Driver/Src/stm32f7xx_ll_rcc.o
 .text.LL_RCC_GetAHBPrescaler
                0x0000000008004720       0x1c ./Drivers/STM32F7xx_HAL_Driver/Src/stm32f7xx_ll_rcc.o
 .text.LL_RCC_GetAPB1Prescaler
                0x000000000800473c       0x1c ./Drivers/STM32F7xx_HAL_Driver/Src/stm32f7xx_ll_rcc.o
 .text.LL_RCC_GetAPB2Prescaler
                0x0000000008004758       0x1c ./Drivers/STM32F7xx_HAL_Driver/Src/stm32f7xx_ll_rcc.o
 .text.LL_RCC_GetUSARTClockSource
                0x0000000008004774       0x28 ./Drivers/STM32F7xx_HAL_Driver/Src/stm32f7xx_ll_rcc.o
 .text.LL_RCC_GetUARTClockSource
                0x000000000800479c       0x28 ./Drivers/STM32F7xx_HAL_Driver/Src/stm32f7xx_ll_rcc.o
 .text.LL_RCC_PLL_GetMainSource
                0x00000000080047c4       0x1c ./Drivers/STM32F7xx_HAL_Driver/Src/stm32f7xx_ll_rcc.o
 .text.LL_RCC_PLL_GetN
                0x00000000080047e0       0x1c ./Drivers/STM32F7xx_HAL_Driver/Src/stm32f7xx_ll_rcc.o
 .text.LL_RCC_PLL_GetP
                0x00000000080047fc       0x1c ./Drivers/STM32F7xx_HAL_Driver/Src/stm32f7xx_ll_rcc.o
 .text.LL_RCC_PLL_GetDivider
                0x0000000008004818       0x1c ./Drivers/STM32F7xx_HAL_Driver/Src/stm32f7xx_ll_rcc.o
 .text.LL_RCC_GetUSARTClockFreq
                0x0000000008004834      0x210 ./Drivers/STM32F7xx_HAL_Driver/Src/stm32f7xx_ll_rcc.o
                0x0000000008004834                LL_RCC_GetUSARTClockFreq
 .text.LL_RCC_GetUARTClockFreq
                0x0000000008004a44      0x214 ./Drivers/STM32F7xx_HAL_Driver/Src/stm32f7xx_ll_rcc.o
                0x0000000008004a44                LL_RCC_GetUARTClockFreq
 .text.RCC_GetSystemClockFreq
                0x0000000008004c58       0x50 ./Drivers/STM32F7xx_HAL_Driver/Src/stm32f7xx_ll_rcc.o
                0x0000000008004c58                RCC_GetSystemClockFreq
 .text.RCC_GetHCLKClockFreq
                0x0000000008004ca8       0x2c ./Drivers/STM32F7xx_HAL_Driver/Src/stm32f7xx_ll_rcc.o
                0x0000000008004ca8                RCC_GetHCLKClockFreq
 .text.RCC_GetPCLK1ClockFreq
                0x0000000008004cd4       0x28 ./Drivers/STM32F7xx_HAL_Driver/Src/stm32f7xx_ll_rcc.o
                0x0000000008004cd4                RCC_GetPCLK1ClockFreq
 .text.RCC_GetPCLK2ClockFreq
                0x0000000008004cfc       0x28 ./Drivers/STM32F7xx_HAL_Driver/Src/stm32f7xx_ll_rcc.o
                0x0000000008004cfc                RCC_GetPCLK2ClockFreq
 .text.RCC_PLL_GetFreqDomain_SYS
                0x0000000008004d24       0x6c ./Drivers/STM32F7xx_HAL_Driver/Src/stm32f7xx_ll_rcc.o
                0x0000000008004d24                RCC_PLL_GetFreqDomain_SYS
 .text.LL_TIM_SetPrescaler
                0x0000000008004d90       0x1c ./Drivers/STM32F7xx_HAL_Driver/Src/stm32f7xx_ll_tim.o
 .text.LL_TIM_SetAutoReload
                0x0000000008004dac       0x1c ./Drivers/STM32F7xx_HAL_Driver/Src/stm32f7xx_ll_tim.o
 .text.LL_TIM_SetRepetitionCounter
                0x0000000008004dc8       0x1c ./Drivers/STM32F7xx_HAL_Driver/Src/stm32f7xx_ll_tim.o
 .text.LL_TIM_GenerateEvent_UPDATE
                0x0000000008004de4       0x20 ./Drivers/STM32F7xx_HAL_Driver/Src/stm32f7xx_ll_tim.o
 .text.LL_TIM_Init
                0x0000000008004e04      0x134 ./Drivers/STM32F7xx_HAL_Driver/Src/stm32f7xx_ll_tim.o
                0x0000000008004e04                LL_TIM_Init
 .text.LL_USART_IsEnabled
                0x0000000008004f38       0x26 ./Drivers/STM32F7xx_HAL_Driver/Src/stm32f7xx_ll_usart.o
 .text.LL_USART_SetStopBitsLength
                0x0000000008004f5e       0x26 ./Drivers/STM32F7xx_HAL_Driver/Src/stm32f7xx_ll_usart.o
 .text.LL_USART_SetHWFlowCtrl
                0x0000000008004f84       0x26 ./Drivers/STM32F7xx_HAL_Driver/Src/stm32f7xx_ll_usart.o
 .text.LL_USART_SetBaudRate
                0x0000000008004faa       0x6e ./Drivers/STM32F7xx_HAL_Driver/Src/stm32f7xx_ll_usart.o
 .text.LL_USART_Init
                0x0000000008005018      0x140 ./Drivers/STM32F7xx_HAL_Driver/Src/stm32f7xx_ll_usart.o
                0x0000000008005018                LL_USART_Init
 .text.USB_CoreInit
                0x0000000008005158       0xb0 ./Drivers/STM32F7xx_HAL_Driver/Src/stm32f7xx_ll_usb.o
                0x0000000008005158                USB_CoreInit
 .text.USB_DisableGlobalInt
                0x0000000008005208       0x22 ./Drivers/STM32F7xx_HAL_Driver/Src/stm32f7xx_ll_usb.o
                0x0000000008005208                USB_DisableGlobalInt
 .text.USB_SetCurrentMode
                0x000000000800522a       0x98 ./Drivers/STM32F7xx_HAL_Driver/Src/stm32f7xx_ll_usb.o
                0x000000000800522a                USB_SetCurrentMode
 *fill*         0x00000000080052c2        0x2 
 .text.USB_DevInit
                0x00000000080052c4      0x2bc ./Drivers/STM32F7xx_HAL_Driver/Src/stm32f7xx_ll_usb.o
                0x00000000080052c4                USB_DevInit
 .text.USB_FlushTxFifo
                0x0000000008005580       0x68 ./Drivers/STM32F7xx_HAL_Driver/Src/stm32f7xx_ll_usb.o
                0x0000000008005580                USB_FlushTxFifo
 .text.USB_FlushRxFifo
                0x00000000080055e8       0x60 ./Drivers/STM32F7xx_HAL_Driver/Src/stm32f7xx_ll_usb.o
                0x00000000080055e8                USB_FlushRxFifo
 .text.USB_SetDevSpeed
                0x0000000008005648       0x32 ./Drivers/STM32F7xx_HAL_Driver/Src/stm32f7xx_ll_usb.o
                0x0000000008005648                USB_SetDevSpeed
 .text.USB_DevDisconnect
                0x000000000800567a       0x42 ./Drivers/STM32F7xx_HAL_Driver/Src/stm32f7xx_ll_usb.o
                0x000000000800567a                USB_DevDisconnect
 .text.USB_GetMode
                0x00000000080056bc       0x1c ./Drivers/STM32F7xx_HAL_Driver/Src/stm32f7xx_ll_usb.o
                0x00000000080056bc                USB_GetMode
 .text.USB_CoreReset
                0x00000000080056d8       0x68 ./Drivers/STM32F7xx_HAL_Driver/Src/stm32f7xx_ll_usb.o
 .text.lstm_configure_activations
                0x0000000008005740       0x94 ./X-CUBE-AI/App/lstm.o
 .text.lstm_configure_weights
                0x00000000080057d4      0x120 ./X-CUBE-AI/App/lstm.o
 .text.ai_lstm_get_report
                0x00000000080058f4       0xcc ./X-CUBE-AI/App/lstm.o
                0x00000000080058f4                ai_lstm_get_report
 .text.ai_lstm_get_error
                0x00000000080059c0       0x18 ./X-CUBE-AI/App/lstm.o
                0x00000000080059c0                ai_lstm_get_error
 .text.ai_lstm_create
                0x00000000080059d8       0x2c ./X-CUBE-AI/App/lstm.o
                0x00000000080059d8                ai_lstm_create
 .text.ai_lstm_create_and_init
                0x0000000008005a04       0xe8 ./X-CUBE-AI/App/lstm.o
                0x0000000008005a04                ai_lstm_create_and_init
 .text.ai_lstm_inputs_get
                0x0000000008005aec       0x34 ./X-CUBE-AI/App/lstm.o
                0x0000000008005aec                ai_lstm_inputs_get
 .text.ai_lstm_outputs_get
                0x0000000008005b20       0x34 ./X-CUBE-AI/App/lstm.o
                0x0000000008005b20                ai_lstm_outputs_get
 .text.ai_lstm_init
                0x0000000008005b54       0x78 ./X-CUBE-AI/App/lstm.o
                0x0000000008005b54                ai_lstm_init
 .text.ai_lstm_run
                0x0000000008005bcc       0x20 ./X-CUBE-AI/App/lstm.o
                0x0000000008005bcc                ai_lstm_run
 .text.ai_lstm_data_params_get
                0x0000000008005bec       0x50 ./X-CUBE-AI/App/lstm_data.o
                0x0000000008005bec                ai_lstm_data_params_get
 .text.ai_buffer_get_size
                0x0000000008005c3c       0x68 ../Middlewares/ST/AI/Lib\NetworkRuntime720_CM7_GCC.a(ai_platform.o)
                0x0000000008005c3c                ai_buffer_get_size
 .text.ai_buffer_array_sane
                0x0000000008005ca4       0x14 ../Middlewares/ST/AI/Lib\NetworkRuntime720_CM7_GCC.a(ai_platform.o)
                0x0000000008005ca4                ai_buffer_array_sane
 .text.ai_buffer_array_item_set_address
                0x0000000008005cb8       0x20 ../Middlewares/ST/AI/Lib\NetworkRuntime720_CM7_GCC.a(ai_platform.o)
                0x0000000008005cb8                ai_buffer_array_item_set_address
 .text._ai_platform_acquire_crc
                0x0000000008005cd8        0x4 ../Middlewares/ST/AI/Lib\NetworkRuntime720_CM7_GCC.a(ai_platform_interface.o)
                0x0000000008005cd8                _ai_platform_acquire_crc
 .text._ai_platform_release_crc
                0x0000000008005cdc        0x4 ../Middlewares/ST/AI/Lib\NetworkRuntime720_CM7_GCC.a(ai_platform_interface.o)
                0x0000000008005cdc                _ai_platform_release_crc
 .text.ai_platform_get_weights_map
                0x0000000008005ce0       0xb0 ../Middlewares/ST/AI/Lib\NetworkRuntime720_CM7_GCC.a(ai_platform_interface.o)
                0x0000000008005ce0                ai_platform_get_weights_map
 .text.ai_platform_get_activations_map
                0x0000000008005d90       0xb0 ../Middlewares/ST/AI/Lib\NetworkRuntime720_CM7_GCC.a(ai_platform_interface.o)
                0x0000000008005d90                ai_platform_get_activations_map
 .text.ai_platform_bind_network_params
                0x0000000008005e40       0x34 ../Middlewares/ST/AI/Lib\NetworkRuntime720_CM7_GCC.a(ai_platform_interface.o)
                0x0000000008005e40                ai_platform_bind_network_params
 .text.ai_platform_runtime_get_revision
                0x0000000008005e74       0xf4 ../Middlewares/ST/AI/Lib\NetworkRuntime720_CM7_GCC.a(ai_platform_interface.o)
                0x0000000008005e74                ai_platform_runtime_get_revision
 .text.ai_platform_runtime_get_version
                0x0000000008005f68      0x11c ../Middlewares/ST/AI/Lib\NetworkRuntime720_CM7_GCC.a(ai_platform_interface.o)
                0x0000000008005f68                ai_platform_runtime_get_version
 .text.ai_platform_api_get_version
                0x0000000008006084      0x11c ../Middlewares/ST/AI/Lib\NetworkRuntime720_CM7_GCC.a(ai_platform_interface.o)
                0x0000000008006084                ai_platform_api_get_version
 .text.ai_platform_interface_api_get_version
                0x00000000080061a0      0x11c ../Middlewares/ST/AI/Lib\NetworkRuntime720_CM7_GCC.a(ai_platform_interface.o)
                0x00000000080061a0                ai_platform_interface_api_get_version
 .text.ai_platform_context_acquire
                0x00000000080062bc      0x100 ../Middlewares/ST/AI/Lib\NetworkRuntime720_CM7_GCC.a(ai_platform_interface.o)
                0x00000000080062bc                ai_platform_context_acquire
 .text.ai_platform_network_get_error
                0x00000000080063bc      0x1e4 ../Middlewares/ST/AI/Lib\NetworkRuntime720_CM7_GCC.a(ai_platform_interface.o)
                0x00000000080063bc                ai_platform_network_get_error
 .text.ai_platform_network_set_error
                0x00000000080065a0        0xc ../Middlewares/ST/AI/Lib\NetworkRuntime720_CM7_GCC.a(ai_platform_interface.o)
                0x00000000080065a0                ai_platform_network_set_error
 .text.ai_platform_inputs_get
                0x00000000080065ac      0x2e0 ../Middlewares/ST/AI/Lib\NetworkRuntime720_CM7_GCC.a(ai_platform_interface.o)
                0x00000000080065ac                ai_platform_inputs_get
 .text.ai_platform_outputs_get
                0x000000000800688c      0x2d4 ../Middlewares/ST/AI/Lib\NetworkRuntime720_CM7_GCC.a(ai_platform_interface.o)
                0x000000000800688c                ai_platform_outputs_get
 .text.ai_platform_api_get_network_report
                0x0000000008006b60      0x82c ../Middlewares/ST/AI/Lib\NetworkRuntime720_CM7_GCC.a(ai_platform_interface.o)
                0x0000000008006b60                ai_platform_api_get_network_report
 .text.ai_platform_network_create
                0x000000000800738c      0x368 ../Middlewares/ST/AI/Lib\NetworkRuntime720_CM7_GCC.a(ai_platform_interface.o)
                0x000000000800738c                ai_platform_network_create
 .text.ai_platform_network_init
                0x00000000080076f4      0x2f8 ../Middlewares/ST/AI/Lib\NetworkRuntime720_CM7_GCC.a(ai_platform_interface.o)
                0x00000000080076f4                ai_platform_network_init
 .text.ai_platform_network_post_init
                0x00000000080079ec      0x218 ../Middlewares/ST/AI/Lib\NetworkRuntime720_CM7_GCC.a(ai_platform_interface.o)
                0x00000000080079ec                ai_platform_network_post_init
 .text.ai_platform_network_process
                0x0000000008007c04      0x5ac ../Middlewares/ST/AI/Lib\NetworkRuntime720_CM7_GCC.a(ai_platform_interface.o)
                0x0000000008007c04                ai_platform_network_process
 .text.core_init
                0x00000000080081b0        0x4 ../Middlewares/ST/AI/Lib\NetworkRuntime720_CM7_GCC.a(core_common.o)
                0x00000000080081b0                core_init
 .text.core_get_error
                0x00000000080081b4        0xc ../Middlewares/ST/AI/Lib\NetworkRuntime720_CM7_GCC.a(core_common.o)
                0x00000000080081b4                core_get_error
 .text.core_set_error
                0x00000000080081c0       0x18 ../Middlewares/ST/AI/Lib\NetworkRuntime720_CM7_GCC.a(core_common.o)
                0x00000000080081c0                core_set_error
 .text.forward_dense
                0x00000000080081d8      0xa74 ../Middlewares/ST/AI/Lib\NetworkRuntime720_CM7_GCC.a(layers_conv2d_generic_float.o)
                0x00000000080081d8                forward_dense
 .text.array_f32_identity
                0x0000000008008c4c       0x14 ../Middlewares/ST/AI/Lib\NetworkRuntime720_CM7_GCC.a(layers_rnn_generic_float.o)
 .text.forward_lstm
                0x0000000008008c60     0x18bc ../Middlewares/ST/AI/Lib\NetworkRuntime720_CM7_GCC.a(layers_rnn_generic_float.o)
                0x0000000008008c60                forward_lstm
 .text.nl_func_sigmoid_array_f32
                0x000000000800a51c       0x50 ../Middlewares/ST/AI/Lib\NetworkRuntime720_CM7_GCC.a(layers_nl_generic_float.o)
                0x000000000800a51c                nl_func_sigmoid_array_f32
 .text.nl_func_relu_array_f32
                0x000000000800a56c       0x44 ../Middlewares/ST/AI/Lib\NetworkRuntime720_CM7_GCC.a(layers_nl_generic_float.o)
                0x000000000800a56c                nl_func_relu_array_f32
 .text.ai_check_custom_types
                0x000000000800a5b0       0x50 ../Middlewares/ST/AI/Lib\NetworkRuntime720_CM7_GCC.a(layers.o)
                0x000000000800a5b0                ai_check_custom_types
 .text.ai_layers_init_all
                0x000000000800a600       0x1c ../Middlewares/ST/AI/Lib\NetworkRuntime720_CM7_GCC.a(layers.o)
                0x000000000800a600                ai_layers_init_all
 .text.ai_layers_post_init_all
                0x000000000800a61c       0x28 ../Middlewares/ST/AI/Lib\NetworkRuntime720_CM7_GCC.a(layers.o)
                0x000000000800a61c                ai_layers_post_init_all
 .text.ai_layers_forward_all
                0x000000000800a644       0x98 ../Middlewares/ST/AI/Lib\NetworkRuntime720_CM7_GCC.a(layers.o)
                0x000000000800a644                ai_layers_forward_all
 .text.ai_version_get
                0x000000000800a6dc        0xc ../Middlewares/ST/AI/Lib\NetworkRuntime720_CM7_GCC.a(ai_datatypes_internal.o)
                0x000000000800a6dc                ai_version_get
 .text.ai_platform_version_get
                0x000000000800a6e8       0x24 ../Middlewares/ST/AI/Lib\NetworkRuntime720_CM7_GCC.a(ai_datatypes_internal.o)
                0x000000000800a6e8                ai_platform_version_get
 .text.get_tensor_byte_size
                0x000000000800a70c       0x2c ../Middlewares/ST/AI/Lib\NetworkRuntime720_CM7_GCC.a(ai_datatypes_internal.o)
                0x000000000800a70c                get_tensor_byte_size
 .text.ai_array_to_buffer_fmt
                0x000000000800a738       0xd8 ../Middlewares/ST/AI/Lib\NetworkRuntime720_CM7_GCC.a(ai_datatypes_format.o)
                0x000000000800a738                ai_array_to_buffer_fmt
 .text.ai_array_get_byte_size
                0x000000000800a810       0x50 ../Middlewares/ST/AI/Lib\NetworkRuntime720_CM7_GCC.a(ai_datatypes_format.o)
                0x000000000800a810                ai_array_get_byte_size
 .text.ai_array_get_data_byte_size
                0x000000000800a860       0x20 ../Middlewares/ST/AI/Lib\NetworkRuntime720_CM7_GCC.a(ai_datatypes_format.o)
                0x000000000800a860                ai_array_get_data_byte_size
 .text.__errno  0x000000000800a880        0xc c:/st/stm32cubeide_1.7.0/stm32cubeide/plugins/com.st.stm32cube.ide.mcu.externaltools.gnu-tools-for-stm32.10.3-2021.10.win32_1.0.0.202111181127/tools/bin/../lib/gcc/arm-none-eabi/10.3.1/../../../../arm-none-eabi/lib/thumb/v7e-m+dp/hard\libc_nano.a(lib_a-errno.o)
                0x000000000800a880                __errno
 .text.__libc_init_array
                0x000000000800a88c       0x48 c:/st/stm32cubeide_1.7.0/stm32cubeide/plugins/com.st.stm32cube.ide.mcu.externaltools.gnu-tools-for-stm32.10.3-2021.10.win32_1.0.0.202111181127/tools/bin/../lib/gcc/arm-none-eabi/10.3.1/../../../../arm-none-eabi/lib/thumb/v7e-m+dp/hard\libc_nano.a(lib_a-init.o)
                0x000000000800a88c                __libc_init_array
 .text.malloc   0x000000000800a8d4       0x10 c:/st/stm32cubeide_1.7.0/stm32cubeide/plugins/com.st.stm32cube.ide.mcu.externaltools.gnu-tools-for-stm32.10.3-2021.10.win32_1.0.0.202111181127/tools/bin/../lib/gcc/arm-none-eabi/10.3.1/../../../../arm-none-eabi/lib/thumb/v7e-m+dp/hard\libc_nano.a(lib_a-malloc.o)
                0x000000000800a8d4                malloc
 .text.memcpy   0x000000000800a8e4       0x1c c:/st/stm32cubeide_1.7.0/stm32cubeide/plugins/com.st.stm32cube.ide.mcu.externaltools.gnu-tools-for-stm32.10.3-2021.10.win32_1.0.0.202111181127/tools/bin/../lib/gcc/arm-none-eabi/10.3.1/../../../../arm-none-eabi/lib/thumb/v7e-m+dp/hard\libc_nano.a(lib_a-memcpy-stub.o)
                0x000000000800a8e4                memcpy
 .text.memset   0x000000000800a900       0x10 c:/st/stm32cubeide_1.7.0/stm32cubeide/plugins/com.st.stm32cube.ide.mcu.externaltools.gnu-tools-for-stm32.10.3-2021.10.win32_1.0.0.202111181127/tools/bin/../lib/gcc/arm-none-eabi/10.3.1/../../../../arm-none-eabi/lib/thumb/v7e-m+dp/hard\libc_nano.a(lib_a-memset.o)
                0x000000000800a900                memset
 .text._free_r  0x000000000800a910       0x98 c:/st/stm32cubeide_1.7.0/stm32cubeide/plugins/com.st.stm32cube.ide.mcu.externaltools.gnu-tools-for-stm32.10.3-2021.10.win32_1.0.0.202111181127/tools/bin/../lib/gcc/arm-none-eabi/10.3.1/../../../../arm-none-eabi/lib/thumb/v7e-m+dp/hard\libc_nano.a(lib_a-nano-freer.o)
                0x000000000800a910                _free_r
 .text.sbrk_aligned
                0x000000000800a9a8       0x40 c:/st/stm32cubeide_1.7.0/stm32cubeide/plugins/com.st.stm32cube.ide.mcu.externaltools.gnu-tools-for-stm32.10.3-2021.10.win32_1.0.0.202111181127/tools/bin/../lib/gcc/arm-none-eabi/10.3.1/../../../../arm-none-eabi/lib/thumb/v7e-m+dp/hard\libc_nano.a(lib_a-nano-mallocr.o)
 .text._malloc_r
                0x000000000800a9e8       0xe8 c:/st/stm32cubeide_1.7.0/stm32cubeide/plugins/com.st.stm32cube.ide.mcu.externaltools.gnu-tools-for-stm32.10.3-2021.10.win32_1.0.0.202111181127/tools/bin/../lib/gcc/arm-none-eabi/10.3.1/../../../../arm-none-eabi/lib/thumb/v7e-m+dp/hard\libc_nano.a(lib_a-nano-mallocr.o)
                0x000000000800a9e8                _malloc_r
 .text.__cvt    0x000000000800aad0       0xa4 c:/st/stm32cubeide_1.7.0/stm32cubeide/plugins/com.st.stm32cube.ide.mcu.externaltools.gnu-tools-for-stm32.10.3-2021.10.win32_1.0.0.202111181127/tools/bin/../lib/gcc/arm-none-eabi/10.3.1/../../../../arm-none-eabi/lib/thumb/v7e-m+dp/hard\libc_nano.a(lib_a-nano-vfprintf_float.o)
                0x000000000800aad0                __cvt
 .text.__exponent
                0x000000000800ab74       0x7c c:/st/stm32cubeide_1.7.0/stm32cubeide/plugins/com.st.stm32cube.ide.mcu.externaltools.gnu-tools-for-stm32.10.3-2021.10.win32_1.0.0.202111181127/tools/bin/../lib/gcc/arm-none-eabi/10.3.1/../../../../arm-none-eabi/lib/thumb/v7e-m+dp/hard\libc_nano.a(lib_a-nano-vfprintf_float.o)
                0x000000000800ab74                __exponent
 .text._printf_float
                0x000000000800abf0      0x43c c:/st/stm32cubeide_1.7.0/stm32cubeide/plugins/com.st.stm32cube.ide.mcu.externaltools.gnu-tools-for-stm32.10.3-2021.10.win32_1.0.0.202111181127/tools/bin/../lib/gcc/arm-none-eabi/10.3.1/../../../../arm-none-eabi/lib/thumb/v7e-m+dp/hard\libc_nano.a(lib_a-nano-vfprintf_float.o)
                0x000000000800abf0                _printf_float
 .text._printf_common
                0x000000000800b02c       0xda c:/st/stm32cubeide_1.7.0/stm32cubeide/plugins/com.st.stm32cube.ide.mcu.externaltools.gnu-tools-for-stm32.10.3-2021.10.win32_1.0.0.202111181127/tools/bin/../lib/gcc/arm-none-eabi/10.3.1/../../../../arm-none-eabi/lib/thumb/v7e-m+dp/hard\libc_nano.a(lib_a-nano-vfprintf_i.o)
                0x000000000800b02c                _printf_common
 *fill*         0x000000000800b106        0x2 
 .text._printf_i
                0x000000000800b108      0x24c c:/st/stm32cubeide_1.7.0/stm32cubeide/plugins/com.st.stm32cube.ide.mcu.externaltools.gnu-tools-for-stm32.10.3-2021.10.win32_1.0.0.202111181127/tools/bin/../lib/gcc/arm-none-eabi/10.3.1/../../../../arm-none-eabi/lib/thumb/v7e-m+dp/hard\libc_nano.a(lib_a-nano-vfprintf_i.o)
                0x000000000800b108                _printf_i
 .text._scanf_float
                0x000000000800b354      0x40c c:/st/stm32cubeide_1.7.0/stm32cubeide/plugins/com.st.stm32cube.ide.mcu.externaltools.gnu-tools-for-stm32.10.3-2021.10.win32_1.0.0.202111181127/tools/bin/../lib/gcc/arm-none-eabi/10.3.1/../../../../arm-none-eabi/lib/thumb/v7e-m+dp/hard\libc_nano.a(lib_a-nano-vfscanf_float.o)
                0x000000000800b354                _scanf_float
 .text.printf   0x000000000800b760       0x30 c:/st/stm32cubeide_1.7.0/stm32cubeide/plugins/com.st.stm32cube.ide.mcu.externaltools.gnu-tools-for-stm32.10.3-2021.10.win32_1.0.0.202111181127/tools/bin/../lib/gcc/arm-none-eabi/10.3.1/../../../../arm-none-eabi/lib/thumb/v7e-m+dp/hard\libc_nano.a(lib_a-printf.o)
                0x000000000800b760                iprintf
                0x000000000800b760                printf
 .text._puts_r  0x000000000800b790       0xdc c:/st/stm32cubeide_1.7.0/stm32cubeide/plugins/com.st.stm32cube.ide.mcu.externaltools.gnu-tools-for-stm32.10.3-2021.10.win32_1.0.0.202111181127/tools/bin/../lib/gcc/arm-none-eabi/10.3.1/../../../../arm-none-eabi/lib/thumb/v7e-m+dp/hard\libc_nano.a(lib_a-puts.o)
                0x000000000800b790                _puts_r
 .text.puts     0x000000000800b86c       0x10 c:/st/stm32cubeide_1.7.0/stm32cubeide/plugins/com.st.stm32cube.ide.mcu.externaltools.gnu-tools-for-stm32.10.3-2021.10.win32_1.0.0.202111181127/tools/bin/../lib/gcc/arm-none-eabi/10.3.1/../../../../arm-none-eabi/lib/thumb/v7e-m+dp/hard\libc_nano.a(lib_a-puts.o)
                0x000000000800b86c                puts
 .text.rand     0x000000000800b87c       0x7c c:/st/stm32cubeide_1.7.0/stm32cubeide/plugins/com.st.stm32cube.ide.mcu.externaltools.gnu-tools-for-stm32.10.3-2021.10.win32_1.0.0.202111181127/tools/bin/../lib/gcc/arm-none-eabi/10.3.1/../../../../arm-none-eabi/lib/thumb/v7e-m+dp/hard\libc_nano.a(lib_a-rand.o)
                0x000000000800b87c                rand
 .text._sbrk_r  0x000000000800b8f8       0x20 c:/st/stm32cubeide_1.7.0/stm32cubeide/plugins/com.st.stm32cube.ide.mcu.externaltools.gnu-tools-for-stm32.10.3-2021.10.win32_1.0.0.202111181127/tools/bin/../lib/gcc/arm-none-eabi/10.3.1/../../../../arm-none-eabi/lib/thumb/v7e-m+dp/hard\libc_nano.a(lib_a-sbrkr.o)
                0x000000000800b8f8                _sbrk_r
 .text.nanf     0x000000000800b918        0xc c:/st/stm32cubeide_1.7.0/stm32cubeide/plugins/com.st.stm32cube.ide.mcu.externaltools.gnu-tools-for-stm32.10.3-2021.10.win32_1.0.0.202111181127/tools/bin/../lib/gcc/arm-none-eabi/10.3.1/../../../../arm-none-eabi/lib/thumb/v7e-m+dp/hard\libc_nano.a(lib_a-sf_nan.o)
                0x000000000800b918                nanf
 .text.sprintf  0x000000000800b924       0x40 c:/st/stm32cubeide_1.7.0/stm32cubeide/plugins/com.st.stm32cube.ide.mcu.externaltools.gnu-tools-for-stm32.10.3-2021.10.win32_1.0.0.202111181127/tools/bin/../lib/gcc/arm-none-eabi/10.3.1/../../../../arm-none-eabi/lib/thumb/v7e-m+dp/hard\libc_nano.a(lib_a-sprintf.o)
                0x000000000800b924                siprintf
                0x000000000800b924                sprintf
 .text.sulp     0x000000000800b964       0x34 c:/st/stm32cubeide_1.7.0/stm32cubeide/plugins/com.st.stm32cube.ide.mcu.externaltools.gnu-tools-for-stm32.10.3-2021.10.win32_1.0.0.202111181127/tools/bin/../lib/gcc/arm-none-eabi/10.3.1/../../../../arm-none-eabi/lib/thumb/v7e-m+dp/hard\libc_nano.a(lib_a-strtod.o)
 .text._strtod_l
                0x000000000800b998      0xb6c c:/st/stm32cubeide_1.7.0/stm32cubeide/plugins/com.st.stm32cube.ide.mcu.externaltools.gnu-tools-for-stm32.10.3-2021.10.win32_1.0.0.202111181127/tools/bin/../lib/gcc/arm-none-eabi/10.3.1/../../../../arm-none-eabi/lib/thumb/v7e-m+dp/hard\libc_nano.a(lib_a-strtod.o)
                0x000000000800b998                _strtod_l
 .text._strtod_r
                0x000000000800c504        0xc c:/st/stm32cubeide_1.7.0/stm32cubeide/plugins/com.st.stm32cube.ide.mcu.externaltools.gnu-tools-for-stm32.10.3-2021.10.win32_1.0.0.202111181127/tools/bin/../lib/gcc/arm-none-eabi/10.3.1/../../../../arm-none-eabi/lib/thumb/v7e-m+dp/hard\libc_nano.a(lib_a-strtod.o)
                0x000000000800c504                _strtod_r
 .text._strtol_l.constprop.0
                0x000000000800c510      0x104 c:/st/stm32cubeide_1.7.0/stm32cubeide/plugins/com.st.stm32cube.ide.mcu.externaltools.gnu-tools-for-stm32.10.3-2021.10.win32_1.0.0.202111181127/tools/bin/../lib/gcc/arm-none-eabi/10.3.1/../../../../arm-none-eabi/lib/thumb/v7e-m+dp/hard\libc_nano.a(lib_a-strtol.o)
 .text._strtol_r
                0x000000000800c614        0x4 c:/st/stm32cubeide_1.7.0/stm32cubeide/plugins/com.st.stm32cube.ide.mcu.externaltools.gnu-tools-for-stm32.10.3-2021.10.win32_1.0.0.202111181127/tools/bin/../lib/gcc/arm-none-eabi/10.3.1/../../../../arm-none-eabi/lib/thumb/v7e-m+dp/hard\libc_nano.a(lib_a-strtol.o)
                0x000000000800c614                _strtol_r
 .text.__swbuf_r
                0x000000000800c618       0xa4 c:/st/stm32cubeide_1.7.0/stm32cubeide/plugins/com.st.stm32cube.ide.mcu.externaltools.gnu-tools-for-stm32.10.3-2021.10.win32_1.0.0.202111181127/tools/bin/../lib/gcc/arm-none-eabi/10.3.1/../../../../arm-none-eabi/lib/thumb/v7e-m+dp/hard\libc_nano.a(lib_a-wbuf.o)
                0x000000000800c618                __swbuf_r
 .text.__swsetup_r
                0x000000000800c6bc       0xdc c:/st/stm32cubeide_1.7.0/stm32cubeide/plugins/com.st.stm32cube.ide.mcu.externaltools.gnu-tools-for-stm32.10.3-2021.10.win32_1.0.0.202111181127/tools/bin/../lib/gcc/arm-none-eabi/10.3.1/../../../../arm-none-eabi/lib/thumb/v7e-m+dp/hard\libc_nano.a(lib_a-wsetup.o)
                0x000000000800c6bc                __swsetup_r
 .text.__assert_func
                0x000000000800c798       0x3c c:/st/stm32cubeide_1.7.0/stm32cubeide/plugins/com.st.stm32cube.ide.mcu.externaltools.gnu-tools-for-stm32.10.3-2021.10.win32_1.0.0.202111181127/tools/bin/../lib/gcc/arm-none-eabi/10.3.1/../../../../arm-none-eabi/lib/thumb/v7e-m+dp/hard\libc_nano.a(lib_a-assert.o)
                0x000000000800c798                __assert_func
 .text.quorem   0x000000000800c7d4      0x116 c:/st/stm32cubeide_1.7.0/stm32cubeide/plugins/com.st.stm32cube.ide.mcu.externaltools.gnu-tools-for-stm32.10.3-2021.10.win32_1.0.0.202111181127/tools/bin/../lib/gcc/arm-none-eabi/10.3.1/../../../../arm-none-eabi/lib/thumb/v7e-m+dp/hard\libc_nano.a(lib_a-dtoa.o)
 *fill*         0x000000000800c8ea        0x6 
 .text._dtoa_r  0x000000000800c8f0      0xadc c:/st/stm32cubeide_1.7.0/stm32cubeide/plugins/com.st.stm32cube.ide.mcu.externaltools.gnu-tools-for-stm32.10.3-2021.10.win32_1.0.0.202111181127/tools/bin/../lib/gcc/arm-none-eabi/10.3.1/../../../../arm-none-eabi/lib/thumb/v7e-m+dp/hard\libc_nano.a(lib_a-dtoa.o)
                0x000000000800c8f0                _dtoa_r
 .text.__sflush_r
                0x000000000800d3cc      0x10c c:/st/stm32cubeide_1.7.0/stm32cubeide/plugins/com.st.stm32cube.ide.mcu.externaltools.gnu-tools-for-stm32.10.3-2021.10.win32_1.0.0.202111181127/tools/bin/../lib/gcc/arm-none-eabi/10.3.1/../../../../arm-none-eabi/lib/thumb/v7e-m+dp/hard\libc_nano.a(lib_a-fflush.o)
                0x000000000800d3cc                __sflush_r
 .text._fflush_r
                0x000000000800d4d8       0x78 c:/st/stm32cubeide_1.7.0/stm32cubeide/plugins/com.st.stm32cube.ide.mcu.externaltools.gnu-tools-for-stm32.10.3-2021.10.win32_1.0.0.202111181127/tools/bin/../lib/gcc/arm-none-eabi/10.3.1/../../../../arm-none-eabi/lib/thumb/v7e-m+dp/hard\libc_nano.a(lib_a-fflush.o)
                0x000000000800d4d8                _fflush_r
 .text.std      0x000000000800d550       0x48 c:/st/stm32cubeide_1.7.0/stm32cubeide/plugins/com.st.stm32cube.ide.mcu.externaltools.gnu-tools-for-stm32.10.3-2021.10.win32_1.0.0.202111181127/tools/bin/../lib/gcc/arm-none-eabi/10.3.1/../../../../arm-none-eabi/lib/thumb/v7e-m+dp/hard\libc_nano.a(lib_a-findfp.o)
 .text._cleanup_r
                0x000000000800d598        0xc c:/st/stm32cubeide_1.7.0/stm32cubeide/plugins/com.st.stm32cube.ide.mcu.externaltools.gnu-tools-for-stm32.10.3-2021.10.win32_1.0.0.202111181127/tools/bin/../lib/gcc/arm-none-eabi/10.3.1/../../../../arm-none-eabi/lib/thumb/v7e-m+dp/hard\libc_nano.a(lib_a-findfp.o)
                0x000000000800d598                _cleanup_r
 .text.__sfmoreglue
                0x000000000800d5a4       0x2c c:/st/stm32cubeide_1.7.0/stm32cubeide/plugins/com.st.stm32cube.ide.mcu.externaltools.gnu-tools-for-stm32.10.3-2021.10.win32_1.0.0.202111181127/tools/bin/../lib/gcc/arm-none-eabi/10.3.1/../../../../arm-none-eabi/lib/thumb/v7e-m+dp/hard\libc_nano.a(lib_a-findfp.o)
                0x000000000800d5a4                __sfmoreglue
 .text.__sfp_lock_acquire
                0x000000000800d5d0        0xc c:/st/stm32cubeide_1.7.0/stm32cubeide/plugins/com.st.stm32cube.ide.mcu.externaltools.gnu-tools-for-stm32.10.3-2021.10.win32_1.0.0.202111181127/tools/bin/../lib/gcc/arm-none-eabi/10.3.1/../../../../arm-none-eabi/lib/thumb/v7e-m+dp/hard\libc_nano.a(lib_a-findfp.o)
                0x000000000800d5d0                __sfp_lock_acquire
 .text.__sfp_lock_release
                0x000000000800d5dc        0xc c:/st/stm32cubeide_1.7.0/stm32cubeide/plugins/com.st.stm32cube.ide.mcu.externaltools.gnu-tools-for-stm32.10.3-2021.10.win32_1.0.0.202111181127/tools/bin/../lib/gcc/arm-none-eabi/10.3.1/../../../../arm-none-eabi/lib/thumb/v7e-m+dp/hard\libc_nano.a(lib_a-findfp.o)
                0x000000000800d5dc                __sfp_lock_release
 .text.__sinit_lock_acquire
                0x000000000800d5e8        0xc c:/st/stm32cubeide_1.7.0/stm32cubeide/plugins/com.st.stm32cube.ide.mcu.externaltools.gnu-tools-for-stm32.10.3-2021.10.win32_1.0.0.202111181127/tools/bin/../lib/gcc/arm-none-eabi/10.3.1/../../../../arm-none-eabi/lib/thumb/v7e-m+dp/hard\libc_nano.a(lib_a-findfp.o)
                0x000000000800d5e8                __sinit_lock_acquire
 .text.__sinit_lock_release
                0x000000000800d5f4        0xc c:/st/stm32cubeide_1.7.0/stm32cubeide/plugins/com.st.stm32cube.ide.mcu.externaltools.gnu-tools-for-stm32.10.3-2021.10.win32_1.0.0.202111181127/tools/bin/../lib/gcc/arm-none-eabi/10.3.1/../../../../arm-none-eabi/lib/thumb/v7e-m+dp/hard\libc_nano.a(lib_a-findfp.o)
                0x000000000800d5f4                __sinit_lock_release
 .text.__sinit  0x000000000800d600       0x70 c:/st/stm32cubeide_1.7.0/stm32cubeide/plugins/com.st.stm32cube.ide.mcu.externaltools.gnu-tools-for-stm32.10.3-2021.10.win32_1.0.0.202111181127/tools/bin/../lib/gcc/arm-none-eabi/10.3.1/../../../../arm-none-eabi/lib/thumb/v7e-m+dp/hard\libc_nano.a(lib_a-findfp.o)
                0x000000000800d600                __sinit
 .text.__sfp    0x000000000800d670       0x8c c:/st/stm32cubeide_1.7.0/stm32cubeide/plugins/com.st.stm32cube.ide.mcu.externaltools.gnu-tools-for-stm32.10.3-2021.10.win32_1.0.0.202111181127/tools/bin/../lib/gcc/arm-none-eabi/10.3.1/../../../../arm-none-eabi/lib/thumb/v7e-m+dp/hard\libc_nano.a(lib_a-findfp.o)
                0x000000000800d670                __sfp
 .text.fprintf  0x000000000800d6fc       0x24 c:/st/stm32cubeide_1.7.0/stm32cubeide/plugins/com.st.stm32cube.ide.mcu.externaltools.gnu-tools-for-stm32.10.3-2021.10.win32_1.0.0.202111181127/tools/bin/../lib/gcc/arm-none-eabi/10.3.1/../../../../arm-none-eabi/lib/thumb/v7e-m+dp/hard\libc_nano.a(lib_a-fprintf.o)
                0x000000000800d6fc                fiprintf
                0x000000000800d6fc                fprintf
 .text._fwalk_reent
                0x000000000800d720       0x3e c:/st/stm32cubeide_1.7.0/stm32cubeide/plugins/com.st.stm32cube.ide.mcu.externaltools.gnu-tools-for-stm32.10.3-2021.10.win32_1.0.0.202111181127/tools/bin/../lib/gcc/arm-none-eabi/10.3.1/../../../../arm-none-eabi/lib/thumb/v7e-m+dp/hard\libc_nano.a(lib_a-fwalk.o)
                0x000000000800d720                _fwalk_reent
 .text.rshift   0x000000000800d75e       0xa4 c:/st/stm32cubeide_1.7.0/stm32cubeide/plugins/com.st.stm32cube.ide.mcu.externaltools.gnu-tools-for-stm32.10.3-2021.10.win32_1.0.0.202111181127/tools/bin/../lib/gcc/arm-none-eabi/10.3.1/../../../../arm-none-eabi/lib/thumb/v7e-m+dp/hard\libc_nano.a(lib_a-gdtoa-gethex.o)
 .text.__hexdig_fun
                0x000000000800d802       0x2a c:/st/stm32cubeide_1.7.0/stm32cubeide/plugins/com.st.stm32cube.ide.mcu.externaltools.gnu-tools-for-stm32.10.3-2021.10.win32_1.0.0.202111181127/tools/bin/../lib/gcc/arm-none-eabi/10.3.1/../../../../arm-none-eabi/lib/thumb/v7e-m+dp/hard\libc_nano.a(lib_a-gdtoa-gethex.o)
                0x000000000800d802                __hexdig_fun
 .text.__gethex
                0x000000000800d82c      0x48c c:/st/stm32cubeide_1.7.0/stm32cubeide/plugins/com.st.stm32cube.ide.mcu.externaltools.gnu-tools-for-stm32.10.3-2021.10.win32_1.0.0.202111181127/tools/bin/../lib/gcc/arm-none-eabi/10.3.1/../../../../arm-none-eabi/lib/thumb/v7e-m+dp/hard\libc_nano.a(lib_a-gdtoa-gethex.o)
                0x000000000800d82c                __gethex
 .text.L_shift  0x000000000800dcb8       0x24 c:/st/stm32cubeide_1.7.0/stm32cubeide/plugins/com.st.stm32cube.ide.mcu.externaltools.gnu-tools-for-stm32.10.3-2021.10.win32_1.0.0.202111181127/tools/bin/../lib/gcc/arm-none-eabi/10.3.1/../../../../arm-none-eabi/lib/thumb/v7e-m+dp/hard\libc_nano.a(lib_a-gdtoa-hexnan.o)
 .text.__match  0x000000000800dcdc       0x28 c:/st/stm32cubeide_1.7.0/stm32cubeide/plugins/com.st.stm32cube.ide.mcu.externaltools.gnu-tools-for-stm32.10.3-2021.10.win32_1.0.0.202111181127/tools/bin/../lib/gcc/arm-none-eabi/10.3.1/../../../../arm-none-eabi/lib/thumb/v7e-m+dp/hard\libc_nano.a(lib_a-gdtoa-hexnan.o)
                0x000000000800dcdc                __match
 .text.__hexnan
                0x000000000800dd04      0x138 c:/st/stm32cubeide_1.7.0/stm32cubeide/plugins/com.st.stm32cube.ide.mcu.externaltools.gnu-tools-for-stm32.10.3-2021.10.win32_1.0.0.202111181127/tools/bin/../lib/gcc/arm-none-eabi/10.3.1/../../../../arm-none-eabi/lib/thumb/v7e-m+dp/hard\libc_nano.a(lib_a-gdtoa-hexnan.o)
                0x000000000800dd04                __hexnan
 .text._localeconv_r
                0x000000000800de3c        0x8 c:/st/stm32cubeide_1.7.0/stm32cubeide/plugins/com.st.stm32cube.ide.mcu.externaltools.gnu-tools-for-stm32.10.3-2021.10.win32_1.0.0.202111181127/tools/bin/../lib/gcc/arm-none-eabi/10.3.1/../../../../arm-none-eabi/lib/thumb/v7e-m+dp/hard\libc_nano.a(lib_a-localeconv.o)
                0x000000000800de3c                _localeconv_r
 .text.__retarget_lock_init_recursive
                0x000000000800de44        0x2 c:/st/stm32cubeide_1.7.0/stm32cubeide/plugins/com.st.stm32cube.ide.mcu.externaltools.gnu-tools-for-stm32.10.3-2021.10.win32_1.0.0.202111181127/tools/bin/../lib/gcc/arm-none-eabi/10.3.1/../../../../arm-none-eabi/lib/thumb/v7e-m+dp/hard\libc_nano.a(lib_a-lock.o)
                0x000000000800de44                __retarget_lock_init_recursive
 .text.__retarget_lock_acquire_recursive
                0x000000000800de46        0x2 c:/st/stm32cubeide_1.7.0/stm32cubeide/plugins/com.st.stm32cube.ide.mcu.externaltools.gnu-tools-for-stm32.10.3-2021.10.win32_1.0.0.202111181127/tools/bin/../lib/gcc/arm-none-eabi/10.3.1/../../../../arm-none-eabi/lib/thumb/v7e-m+dp/hard\libc_nano.a(lib_a-lock.o)
                0x000000000800de46                __retarget_lock_acquire_recursive
 .text.__retarget_lock_release_recursive
                0x000000000800de48        0x2 c:/st/stm32cubeide_1.7.0/stm32cubeide/plugins/com.st.stm32cube.ide.mcu.externaltools.gnu-tools-for-stm32.10.3-2021.10.win32_1.0.0.202111181127/tools/bin/../lib/gcc/arm-none-eabi/10.3.1/../../../../arm-none-eabi/lib/thumb/v7e-m+dp/hard\libc_nano.a(lib_a-lock.o)
                0x000000000800de48                __retarget_lock_release_recursive
 .text.__swhatbuf_r
                0x000000000800de4a       0x4a c:/st/stm32cubeide_1.7.0/stm32cubeide/plugins/com.st.stm32cube.ide.mcu.externaltools.gnu-tools-for-stm32.10.3-2021.10.win32_1.0.0.202111181127/tools/bin/../lib/gcc/arm-none-eabi/10.3.1/../../../../arm-none-eabi/lib/thumb/v7e-m+dp/hard\libc_nano.a(lib_a-makebuf.o)
                0x000000000800de4a                __swhatbuf_r
 .text.__smakebuf_r
                0x000000000800de94       0x80 c:/st/stm32cubeide_1.7.0/stm32cubeide/plugins/com.st.stm32cube.ide.mcu.externaltools.gnu-tools-for-stm32.10.3-2021.10.win32_1.0.0.202111181127/tools/bin/../lib/gcc/arm-none-eabi/10.3.1/../../../../arm-none-eabi/lib/thumb/v7e-m+dp/hard\libc_nano.a(lib_a-makebuf.o)
                0x000000000800de94                __smakebuf_r
 .text.__ascii_mbtowc
                0x000000000800df14       0x24 c:/st/stm32cubeide_1.7.0/stm32cubeide/plugins/com.st.stm32cube.ide.mcu.externaltools.gnu-tools-for-stm32.10.3-2021.10.win32_1.0.0.202111181127/tools/bin/../lib/gcc/arm-none-eabi/10.3.1/../../../../arm-none-eabi/lib/thumb/v7e-m+dp/hard\libc_nano.a(lib_a-mbtowc_r.o)
                0x000000000800df14                __ascii_mbtowc
 .text.__malloc_lock
                0x000000000800df38        0xc c:/st/stm32cubeide_1.7.0/stm32cubeide/plugins/com.st.stm32cube.ide.mcu.externaltools.gnu-tools-for-stm32.10.3-2021.10.win32_1.0.0.202111181127/tools/bin/../lib/gcc/arm-none-eabi/10.3.1/../../../../arm-none-eabi/lib/thumb/v7e-m+dp/hard\libc_nano.a(lib_a-mlock.o)
                0x000000000800df38                __malloc_lock
 .text.__malloc_unlock
                0x000000000800df44        0xc c:/st/stm32cubeide_1.7.0/stm32cubeide/plugins/com.st.stm32cube.ide.mcu.externaltools.gnu-tools-for-stm32.10.3-2021.10.win32_1.0.0.202111181127/tools/bin/../lib/gcc/arm-none-eabi/10.3.1/../../../../arm-none-eabi/lib/thumb/v7e-m+dp/hard\libc_nano.a(lib_a-mlock.o)
                0x000000000800df44                __malloc_unlock
 .text._Balloc  0x000000000800df50       0x80 c:/st/stm32cubeide_1.7.0/stm32cubeide/plugins/com.st.stm32cube.ide.mcu.externaltools.gnu-tools-for-stm32.10.3-2021.10.win32_1.0.0.202111181127/tools/bin/../lib/gcc/arm-none-eabi/10.3.1/../../../../arm-none-eabi/lib/thumb/v7e-m+dp/hard\libc_nano.a(lib_a-mprec.o)
                0x000000000800df50                _Balloc
 .text._Bfree   0x000000000800dfd0       0x44 c:/st/stm32cubeide_1.7.0/stm32cubeide/plugins/com.st.stm32cube.ide.mcu.externaltools.gnu-tools-for-stm32.10.3-2021.10.win32_1.0.0.202111181127/tools/bin/../lib/gcc/arm-none-eabi/10.3.1/../../../../arm-none-eabi/lib/thumb/v7e-m+dp/hard\libc_nano.a(lib_a-mprec.o)
                0x000000000800dfd0                _Bfree
 .text.__multadd
                0x000000000800e014       0x8c c:/st/stm32cubeide_1.7.0/stm32cubeide/plugins/com.st.stm32cube.ide.mcu.externaltools.gnu-tools-for-stm32.10.3-2021.10.win32_1.0.0.202111181127/tools/bin/../lib/gcc/arm-none-eabi/10.3.1/../../../../arm-none-eabi/lib/thumb/v7e-m+dp/hard\libc_nano.a(lib_a-mprec.o)
                0x000000000800e014                __multadd
 .text.__s2b    0x000000000800e0a0       0x94 c:/st/stm32cubeide_1.7.0/stm32cubeide/plugins/com.st.stm32cube.ide.mcu.externaltools.gnu-tools-for-stm32.10.3-2021.10.win32_1.0.0.202111181127/tools/bin/../lib/gcc/arm-none-eabi/10.3.1/../../../../arm-none-eabi/lib/thumb/v7e-m+dp/hard\libc_nano.a(lib_a-mprec.o)
                0x000000000800e0a0                __s2b
 .text.__hi0bits
                0x000000000800e134       0x40 c:/st/stm32cubeide_1.7.0/stm32cubeide/plugins/com.st.stm32cube.ide.mcu.externaltools.gnu-tools-for-stm32.10.3-2021.10.win32_1.0.0.202111181127/tools/bin/../lib/gcc/arm-none-eabi/10.3.1/../../../../arm-none-eabi/lib/thumb/v7e-m+dp/hard\libc_nano.a(lib_a-mprec.o)
                0x000000000800e134                __hi0bits
 .text.__lo0bits
                0x000000000800e174       0x5e c:/st/stm32cubeide_1.7.0/stm32cubeide/plugins/com.st.stm32cube.ide.mcu.externaltools.gnu-tools-for-stm32.10.3-2021.10.win32_1.0.0.202111181127/tools/bin/../lib/gcc/arm-none-eabi/10.3.1/../../../../arm-none-eabi/lib/thumb/v7e-m+dp/hard\libc_nano.a(lib_a-mprec.o)
                0x000000000800e174                __lo0bits
 *fill*         0x000000000800e1d2        0x2 
 .text.__i2b    0x000000000800e1d4       0x2c c:/st/stm32cubeide_1.7.0/stm32cubeide/plugins/com.st.stm32cube.ide.mcu.externaltools.gnu-tools-for-stm32.10.3-2021.10.win32_1.0.0.202111181127/tools/bin/../lib/gcc/arm-none-eabi/10.3.1/../../../../arm-none-eabi/lib/thumb/v7e-m+dp/hard\libc_nano.a(lib_a-mprec.o)
                0x000000000800e1d4                __i2b
 .text.__multiply
                0x000000000800e200      0x154 c:/st/stm32cubeide_1.7.0/stm32cubeide/plugins/com.st.stm32cube.ide.mcu.externaltools.gnu-tools-for-stm32.10.3-2021.10.win32_1.0.0.202111181127/tools/bin/../lib/gcc/arm-none-eabi/10.3.1/../../../../arm-none-eabi/lib/thumb/v7e-m+dp/hard\libc_nano.a(lib_a-mprec.o)
                0x000000000800e200                __multiply
 .text.__pow5mult
                0x000000000800e354       0xb4 c:/st/stm32cubeide_1.7.0/stm32cubeide/plugins/com.st.stm32cube.ide.mcu.externaltools.gnu-tools-for-stm32.10.3-2021.10.win32_1.0.0.202111181127/tools/bin/../lib/gcc/arm-none-eabi/10.3.1/../../../../arm-none-eabi/lib/thumb/v7e-m+dp/hard\libc_nano.a(lib_a-mprec.o)
                0x000000000800e354                __pow5mult
 .text.__lshift
                0x000000000800e408       0xe0 c:/st/stm32cubeide_1.7.0/stm32cubeide/plugins/com.st.stm32cube.ide.mcu.externaltools.gnu-tools-for-stm32.10.3-2021.10.win32_1.0.0.202111181127/tools/bin/../lib/gcc/arm-none-eabi/10.3.1/../../../../arm-none-eabi/lib/thumb/v7e-m+dp/hard\libc_nano.a(lib_a-mprec.o)
                0x000000000800e408                __lshift
 .text.__mcmp   0x000000000800e4e8       0x38 c:/st/stm32cubeide_1.7.0/stm32cubeide/plugins/com.st.stm32cube.ide.mcu.externaltools.gnu-tools-for-stm32.10.3-2021.10.win32_1.0.0.202111181127/tools/bin/../lib/gcc/arm-none-eabi/10.3.1/../../../../arm-none-eabi/lib/thumb/v7e-m+dp/hard\libc_nano.a(lib_a-mprec.o)
                0x000000000800e4e8                __mcmp
 .text.__mdiff  0x000000000800e520      0x114 c:/st/stm32cubeide_1.7.0/stm32cubeide/plugins/com.st.stm32cube.ide.mcu.externaltools.gnu-tools-for-stm32.10.3-2021.10.win32_1.0.0.202111181127/tools/bin/../lib/gcc/arm-none-eabi/10.3.1/../../../../arm-none-eabi/lib/thumb/v7e-m+dp/hard\libc_nano.a(lib_a-mprec.o)
                0x000000000800e520                __mdiff
 .text.__ulp    0x000000000800e634       0x58 c:/st/stm32cubeide_1.7.0/stm32cubeide/plugins/com.st.stm32cube.ide.mcu.externaltools.gnu-tools-for-stm32.10.3-2021.10.win32_1.0.0.202111181127/tools/bin/../lib/gcc/arm-none-eabi/10.3.1/../../../../arm-none-eabi/lib/thumb/v7e-m+dp/hard\libc_nano.a(lib_a-mprec.o)
                0x000000000800e634                __ulp
 .text.__b2d    0x000000000800e68c       0xa0 c:/st/stm32cubeide_1.7.0/stm32cubeide/plugins/com.st.stm32cube.ide.mcu.externaltools.gnu-tools-for-stm32.10.3-2021.10.win32_1.0.0.202111181127/tools/bin/../lib/gcc/arm-none-eabi/10.3.1/../../../../arm-none-eabi/lib/thumb/v7e-m+dp/hard\libc_nano.a(lib_a-mprec.o)
                0x000000000800e68c                __b2d
 .text.__d2b    0x000000000800e72c       0xb8 c:/st/stm32cubeide_1.7.0/stm32cubeide/plugins/com.st.stm32cube.ide.mcu.externaltools.gnu-tools-for-stm32.10.3-2021.10.win32_1.0.0.202111181127/tools/bin/../lib/gcc/arm-none-eabi/10.3.1/../../../../arm-none-eabi/lib/thumb/v7e-m+dp/hard\libc_nano.a(lib_a-mprec.o)
                0x000000000800e72c                __d2b
 .text.__ratio  0x000000000800e7e4       0x60 c:/st/stm32cubeide_1.7.0/stm32cubeide/plugins/com.st.stm32cube.ide.mcu.externaltools.gnu-tools-for-stm32.10.3-2021.10.win32_1.0.0.202111181127/tools/bin/../lib/gcc/arm-none-eabi/10.3.1/../../../../arm-none-eabi/lib/thumb/v7e-m+dp/hard\libc_nano.a(lib_a-mprec.o)
                0x000000000800e7e4                __ratio
 .text.__copybits
                0x000000000800e844       0x46 c:/st/stm32cubeide_1.7.0/stm32cubeide/plugins/com.st.stm32cube.ide.mcu.externaltools.gnu-tools-for-stm32.10.3-2021.10.win32_1.0.0.202111181127/tools/bin/../lib/gcc/arm-none-eabi/10.3.1/../../../../arm-none-eabi/lib/thumb/v7e-m+dp/hard\libc_nano.a(lib_a-mprec.o)
                0x000000000800e844                __copybits
 .text.__any_on
                0x000000000800e88a       0x42 c:/st/stm32cubeide_1.7.0/stm32cubeide/plugins/com.st.stm32cube.ide.mcu.externaltools.gnu-tools-for-stm32.10.3-2021.10.win32_1.0.0.202111181127/tools/bin/../lib/gcc/arm-none-eabi/10.3.1/../../../../arm-none-eabi/lib/thumb/v7e-m+dp/hard\libc_nano.a(lib_a-mprec.o)
                0x000000000800e88a                __any_on
 .text._calloc_r
                0x000000000800e8cc       0x2c c:/st/stm32cubeide_1.7.0/stm32cubeide/plugins/com.st.stm32cube.ide.mcu.externaltools.gnu-tools-for-stm32.10.3-2021.10.win32_1.0.0.202111181127/tools/bin/../lib/gcc/arm-none-eabi/10.3.1/../../../../arm-none-eabi/lib/thumb/v7e-m+dp/hard\libc_nano.a(lib_a-nano-callocr.o)
                0x000000000800e8cc                _calloc_r
 .text._realloc_r
                0x000000000800e8f8       0x5e c:/st/stm32cubeide_1.7.0/stm32cubeide/plugins/com.st.stm32cube.ide.mcu.externaltools.gnu-tools-for-stm32.10.3-2021.10.win32_1.0.0.202111181127/tools/bin/../lib/gcc/arm-none-eabi/10.3.1/../../../../arm-none-eabi/lib/thumb/v7e-m+dp/hard\libc_nano.a(lib_a-nano-reallocr.o)
                0x000000000800e8f8                _realloc_r
 .text.__ssputs_r
                0x000000000800e956       0xb6 c:/st/stm32cubeide_1.7.0/stm32cubeide/plugins/com.st.stm32cube.ide.mcu.externaltools.gnu-tools-for-stm32.10.3-2021.10.win32_1.0.0.202111181127/tools/bin/../lib/gcc/arm-none-eabi/10.3.1/../../../../arm-none-eabi/lib/thumb/v7e-m+dp/hard\libc_nano.a(lib_a-nano-svfprintf.o)
                0x000000000800e956                __ssputs_r
 .text._svfprintf_r
                0x000000000800ea0c      0x200 c:/st/stm32cubeide_1.7.0/stm32cubeide/plugins/com.st.stm32cube.ide.mcu.externaltools.gnu-tools-for-stm32.10.3-2021.10.win32_1.0.0.202111181127/tools/bin/../lib/gcc/arm-none-eabi/10.3.1/../../../../arm-none-eabi/lib/thumb/v7e-m+dp/hard\libc_nano.a(lib_a-nano-svfprintf.o)
                0x000000000800ea0c                _svfiprintf_r
                0x000000000800ea0c                _svfprintf_r
 .text.__sfputc_r
                0x000000000800ec0c       0x2e c:/st/stm32cubeide_1.7.0/stm32cubeide/plugins/com.st.stm32cube.ide.mcu.externaltools.gnu-tools-for-stm32.10.3-2021.10.win32_1.0.0.202111181127/tools/bin/../lib/gcc/arm-none-eabi/10.3.1/../../../../arm-none-eabi/lib/thumb/v7e-m+dp/hard\libc_nano.a(lib_a-nano-vfprintf.o)
 .text.__sfputs_r
                0x000000000800ec3a       0x24 c:/st/stm32cubeide_1.7.0/stm32cubeide/plugins/com.st.stm32cube.ide.mcu.externaltools.gnu-tools-for-stm32.10.3-2021.10.win32_1.0.0.202111181127/tools/bin/../lib/gcc/arm-none-eabi/10.3.1/../../../../arm-none-eabi/lib/thumb/v7e-m+dp/hard\libc_nano.a(lib_a-nano-vfprintf.o)
                0x000000000800ec3a                __sfputs_r
 *fill*         0x000000000800ec5e        0x2 
 .text._vfprintf_r
                0x000000000800ec60      0x260 c:/st/stm32cubeide_1.7.0/stm32cubeide/plugins/com.st.stm32cube.ide.mcu.externaltools.gnu-tools-for-stm32.10.3-2021.10.win32_1.0.0.202111181127/tools/bin/../lib/gcc/arm-none-eabi/10.3.1/../../../../arm-none-eabi/lib/thumb/v7e-m+dp/hard\libc_nano.a(lib_a-nano-vfprintf.o)
                0x000000000800ec60                _vfprintf_r
                0x000000000800ec60                _vfiprintf_r
 .text.nan      0x000000000800eec0       0x10 c:/st/stm32cubeide_1.7.0/stm32cubeide/plugins/com.st.stm32cube.ide.mcu.externaltools.gnu-tools-for-stm32.10.3-2021.10.win32_1.0.0.202111181127/tools/bin/../lib/gcc/arm-none-eabi/10.3.1/../../../../arm-none-eabi/lib/thumb/v7e-m+dp/hard\libc_nano.a(lib_a-s_nan.o)
                0x000000000800eec0                nan
 .text.__sread  0x000000000800eed0       0x22 c:/st/stm32cubeide_1.7.0/stm32cubeide/plugins/com.st.stm32cube.ide.mcu.externaltools.gnu-tools-for-stm32.10.3-2021.10.win32_1.0.0.202111181127/tools/bin/../lib/gcc/arm-none-eabi/10.3.1/../../../../arm-none-eabi/lib/thumb/v7e-m+dp/hard\libc_nano.a(lib_a-stdio.o)
                0x000000000800eed0                __sread
 .text.__swrite
                0x000000000800eef2       0x38 c:/st/stm32cubeide_1.7.0/stm32cubeide/plugins/com.st.stm32cube.ide.mcu.externaltools.gnu-tools-for-stm32.10.3-2021.10.win32_1.0.0.202111181127/tools/bin/../lib/gcc/arm-none-eabi/10.3.1/../../../../arm-none-eabi/lib/thumb/v7e-m+dp/hard\libc_nano.a(lib_a-stdio.o)
                0x000000000800eef2                __swrite
 .text.__sseek  0x000000000800ef2a       0x24 c:/st/stm32cubeide_1.7.0/stm32cubeide/plugins/com.st.stm32cube.ide.mcu.externaltools.gnu-tools-for-stm32.10.3-2021.10.win32_1.0.0.202111181127/tools/bin/../lib/gcc/arm-none-eabi/10.3.1/../../../../arm-none-eabi/lib/thumb/v7e-m+dp/hard\libc_nano.a(lib_a-stdio.o)
                0x000000000800ef2a                __sseek
 .text.__sclose
                0x000000000800ef4e        0x8 c:/st/stm32cubeide_1.7.0/stm32cubeide/plugins/com.st.stm32cube.ide.mcu.externaltools.gnu-tools-for-stm32.10.3-2021.10.win32_1.0.0.202111181127/tools/bin/../lib/gcc/arm-none-eabi/10.3.1/../../../../arm-none-eabi/lib/thumb/v7e-m+dp/hard\libc_nano.a(lib_a-stdio.o)
                0x000000000800ef4e                __sclose
 .text.strncmp  0x000000000800ef56       0x28 c:/st/stm32cubeide_1.7.0/stm32cubeide/plugins/com.st.stm32cube.ide.mcu.externaltools.gnu-tools-for-stm32.10.3-2021.10.win32_1.0.0.202111181127/tools/bin/../lib/gcc/arm-none-eabi/10.3.1/../../../../arm-none-eabi/lib/thumb/v7e-m+dp/hard\libc_nano.a(lib_a-strncmp.o)
                0x000000000800ef56                strncmp
 .text.__ascii_wctomb
                0x000000000800ef7e       0x1a c:/st/stm32cubeide_1.7.0/stm32cubeide/plugins/com.st.stm32cube.ide.mcu.externaltools.gnu-tools-for-stm32.10.3-2021.10.win32_1.0.0.202111181127/tools/bin/../lib/gcc/arm-none-eabi/10.3.1/../../../../arm-none-eabi/lib/thumb/v7e-m+dp/hard\libc_nano.a(lib_a-wctomb_r.o)
                0x000000000800ef7e                __ascii_wctomb
 .text._write_r
                0x000000000800ef98       0x24 c:/st/stm32cubeide_1.7.0/stm32cubeide/plugins/com.st.stm32cube.ide.mcu.externaltools.gnu-tools-for-stm32.10.3-2021.10.win32_1.0.0.202111181127/tools/bin/../lib/gcc/arm-none-eabi/10.3.1/../../../../arm-none-eabi/lib/thumb/v7e-m+dp/hard\libc_nano.a(lib_a-writer.o)
                0x000000000800ef98                _write_r
 .text.abort    0x000000000800efbc        0xe c:/st/stm32cubeide_1.7.0/stm32cubeide/plugins/com.st.stm32cube.ide.mcu.externaltools.gnu-tools-for-stm32.10.3-2021.10.win32_1.0.0.202111181127/tools/bin/../lib/gcc/arm-none-eabi/10.3.1/../../../../arm-none-eabi/lib/thumb/v7e-m+dp/hard\libc_nano.a(lib_a-abort.o)
                0x000000000800efbc                abort
 *fill*         0x000000000800efca        0x2 
 .text._close_r
                0x000000000800efcc       0x20 c:/st/stm32cubeide_1.7.0/stm32cubeide/plugins/com.st.stm32cube.ide.mcu.externaltools.gnu-tools-for-stm32.10.3-2021.10.win32_1.0.0.202111181127/tools/bin/../lib/gcc/arm-none-eabi/10.3.1/../../../../arm-none-eabi/lib/thumb/v7e-m+dp/hard\libc_nano.a(lib_a-closer.o)
                0x000000000800efcc                _close_r
 .text._fstat_r
                0x000000000800efec       0x24 c:/st/stm32cubeide_1.7.0/stm32cubeide/plugins/com.st.stm32cube.ide.mcu.externaltools.gnu-tools-for-stm32.10.3-2021.10.win32_1.0.0.202111181127/tools/bin/../lib/gcc/arm-none-eabi/10.3.1/../../../../arm-none-eabi/lib/thumb/v7e-m+dp/hard\libc_nano.a(lib_a-fstatr.o)
                0x000000000800efec                _fstat_r
 .text._isatty_r
                0x000000000800f010       0x20 c:/st/stm32cubeide_1.7.0/stm32cubeide/plugins/com.st.stm32cube.ide.mcu.externaltools.gnu-tools-for-stm32.10.3-2021.10.win32_1.0.0.202111181127/tools/bin/../lib/gcc/arm-none-eabi/10.3.1/../../../../arm-none-eabi/lib/thumb/v7e-m+dp/hard\libc_nano.a(lib_a-isattyr.o)
                0x000000000800f010                _isatty_r
 .text._lseek_r
                0x000000000800f030       0x24 c:/st/stm32cubeide_1.7.0/stm32cubeide/plugins/com.st.stm32cube.ide.mcu.externaltools.gnu-tools-for-stm32.10.3-2021.10.win32_1.0.0.202111181127/tools/bin/../lib/gcc/arm-none-eabi/10.3.1/../../../../arm-none-eabi/lib/thumb/v7e-m+dp/hard\libc_nano.a(lib_a-lseekr.o)
                0x000000000800f030                _lseek_r
 .text.memmove  0x000000000800f054       0x34 c:/st/stm32cubeide_1.7.0/stm32cubeide/plugins/com.st.stm32cube.ide.mcu.externaltools.gnu-tools-for-stm32.10.3-2021.10.win32_1.0.0.202111181127/tools/bin/../lib/gcc/arm-none-eabi/10.3.1/../../../../arm-none-eabi/lib/thumb/v7e-m+dp/hard\libc_nano.a(lib_a-memmove.o)
                0x000000000800f054                memmove
 .text._malloc_usable_size_r
                0x000000000800f088       0x10 c:/st/stm32cubeide_1.7.0/stm32cubeide/plugins/com.st.stm32cube.ide.mcu.externaltools.gnu-tools-for-stm32.10.3-2021.10.win32_1.0.0.202111181127/tools/bin/../lib/gcc/arm-none-eabi/10.3.1/../../../../arm-none-eabi/lib/thumb/v7e-m+dp/hard\libc_nano.a(lib_a-nano-msizer.o)
                0x000000000800f088                _malloc_usable_size_r
 .text._read_r  0x000000000800f098       0x24 c:/st/stm32cubeide_1.7.0/stm32cubeide/plugins/com.st.stm32cube.ide.mcu.externaltools.gnu-tools-for-stm32.10.3-2021.10.win32_1.0.0.202111181127/tools/bin/../lib/gcc/arm-none-eabi/10.3.1/../../../../arm-none-eabi/lib/thumb/v7e-m+dp/hard\libc_nano.a(lib_a-readr.o)
                0x000000000800f098                _read_r
 .text._raise_r
                0x000000000800f0bc       0x50 c:/st/stm32cubeide_1.7.0/stm32cubeide/plugins/com.st.stm32cube.ide.mcu.externaltools.gnu-tools-for-stm32.10.3-2021.10.win32_1.0.0.202111181127/tools/bin/../lib/gcc/arm-none-eabi/10.3.1/../../../../arm-none-eabi/lib/thumb/v7e-m+dp/hard\libc_nano.a(lib_a-signal.o)
                0x000000000800f0bc                _raise_r
 .text.raise    0x000000000800f10c       0x10 c:/st/stm32cubeide_1.7.0/stm32cubeide/plugins/com.st.stm32cube.ide.mcu.externaltools.gnu-tools-for-stm32.10.3-2021.10.win32_1.0.0.202111181127/tools/bin/../lib/gcc/arm-none-eabi/10.3.1/../../../../arm-none-eabi/lib/thumb/v7e-m+dp/hard\libc_nano.a(lib_a-signal.o)
                0x000000000800f10c                raise
 .text._kill_r  0x000000000800f11c       0x24 c:/st/stm32cubeide_1.7.0/stm32cubeide/plugins/com.st.stm32cube.ide.mcu.externaltools.gnu-tools-for-stm32.10.3-2021.10.win32_1.0.0.202111181127/tools/bin/../lib/gcc/arm-none-eabi/10.3.1/../../../../arm-none-eabi/lib/thumb/v7e-m+dp/hard\libc_nano.a(lib_a-signalr.o)
                0x000000000800f11c                _kill_r
 .text._getpid_r
                0x000000000800f140        0x4 c:/st/stm32cubeide_1.7.0/stm32cubeide/plugins/com.st.stm32cube.ide.mcu.externaltools.gnu-tools-for-stm32.10.3-2021.10.win32_1.0.0.202111181127/tools/bin/../lib/gcc/arm-none-eabi/10.3.1/../../../../arm-none-eabi/lib/thumb/v7e-m+dp/hard\libc_nano.a(lib_a-signalr.o)
                0x000000000800f140                _getpid_r
 .text.with_errnof
                0x000000000800f144       0x16 c:/st/stm32cubeide_1.7.0/stm32cubeide/plugins/com.st.stm32cube.ide.mcu.externaltools.gnu-tools-for-stm32.10.3-2021.10.win32_1.0.0.202111181127/tools/bin/../lib/gcc/arm-none-eabi/10.3.1/../../../../arm-none-eabi/lib/thumb/v7e-m+dp/hard\libm.a(lib_a-math_errf.o)
 .text.xflowf   0x000000000800f15a       0x16 c:/st/stm32cubeide_1.7.0/stm32cubeide/plugins/com.st.stm32cube.ide.mcu.externaltools.gnu-tools-for-stm32.10.3-2021.10.win32_1.0.0.202111181127/tools/bin/../lib/gcc/arm-none-eabi/10.3.1/../../../../arm-none-eabi/lib/thumb/v7e-m+dp/hard\libm.a(lib_a-math_errf.o)
 .text.__math_uflowf
                0x000000000800f170        0xc c:/st/stm32cubeide_1.7.0/stm32cubeide/plugins/com.st.stm32cube.ide.mcu.externaltools.gnu-tools-for-stm32.10.3-2021.10.win32_1.0.0.202111181127/tools/bin/../lib/gcc/arm-none-eabi/10.3.1/../../../../arm-none-eabi/lib/thumb/v7e-m+dp/hard\libm.a(lib_a-math_errf.o)
                0x000000000800f170                __math_uflowf
 .text.__math_may_uflowf
                0x000000000800f17c        0xc c:/st/stm32cubeide_1.7.0/stm32cubeide/plugins/com.st.stm32cube.ide.mcu.externaltools.gnu-tools-for-stm32.10.3-2021.10.win32_1.0.0.202111181127/tools/bin/../lib/gcc/arm-none-eabi/10.3.1/../../../../arm-none-eabi/lib/thumb/v7e-m+dp/hard\libm.a(lib_a-math_errf.o)
                0x000000000800f17c                __math_may_uflowf
 .text.__math_oflowf
                0x000000000800f188        0xc c:/st/stm32cubeide_1.7.0/stm32cubeide/plugins/com.st.stm32cube.ide.mcu.externaltools.gnu-tools-for-stm32.10.3-2021.10.win32_1.0.0.202111181127/tools/bin/../lib/gcc/arm-none-eabi/10.3.1/../../../../arm-none-eabi/lib/thumb/v7e-m+dp/hard\libm.a(lib_a-math_errf.o)
                0x000000000800f188                __math_oflowf
 .text.expf     0x000000000800f194       0xe8 c:/st/stm32cubeide_1.7.0/stm32cubeide/plugins/com.st.stm32cube.ide.mcu.externaltools.gnu-tools-for-stm32.10.3-2021.10.win32_1.0.0.202111181127/tools/bin/../lib/gcc/arm-none-eabi/10.3.1/../../../../arm-none-eabi/lib/thumb/v7e-m+dp/hard\libm.a(lib_a-sf_exp.o)
                0x000000000800f194                expf
 .text._close   0x000000000800f27c       0x10 c:/st/stm32cubeide_1.7.0/stm32cubeide/plugins/com.st.stm32cube.ide.mcu.externaltools.gnu-tools-for-stm32.10.3-2021.10.win32_1.0.0.202111181127/tools/bin/../lib/gcc/arm-none-eabi/10.3.1/../../../../arm-none-eabi/lib/thumb/v7e-m+dp/hard\libnosys.a(close.o)
                0x000000000800f27c                _close
 .text._fstat   0x000000000800f28c       0x10 c:/st/stm32cubeide_1.7.0/stm32cubeide/plugins/com.st.stm32cube.ide.mcu.externaltools.gnu-tools-for-stm32.10.3-2021.10.win32_1.0.0.202111181127/tools/bin/../lib/gcc/arm-none-eabi/10.3.1/../../../../arm-none-eabi/lib/thumb/v7e-m+dp/hard\libnosys.a(fstat.o)
                0x000000000800f28c                _fstat
 .text._getpid  0x000000000800f29c       0x10 c:/st/stm32cubeide_1.7.0/stm32cubeide/plugins/com.st.stm32cube.ide.mcu.externaltools.gnu-tools-for-stm32.10.3-2021.10.win32_1.0.0.202111181127/tools/bin/../lib/gcc/arm-none-eabi/10.3.1/../../../../arm-none-eabi/lib/thumb/v7e-m+dp/hard\libnosys.a(getpid.o)
                0x000000000800f29c                _getpid
 .text._isatty  0x000000000800f2ac       0x10 c:/st/stm32cubeide_1.7.0/stm32cubeide/plugins/com.st.stm32cube.ide.mcu.externaltools.gnu-tools-for-stm32.10.3-2021.10.win32_1.0.0.202111181127/tools/bin/../lib/gcc/arm-none-eabi/10.3.1/../../../../arm-none-eabi/lib/thumb/v7e-m+dp/hard\libnosys.a(isatty.o)
                0x000000000800f2ac                _isatty
 .text._kill    0x000000000800f2bc       0x10 c:/st/stm32cubeide_1.7.0/stm32cubeide/plugins/com.st.stm32cube.ide.mcu.externaltools.gnu-tools-for-stm32.10.3-2021.10.win32_1.0.0.202111181127/tools/bin/../lib/gcc/arm-none-eabi/10.3.1/../../../../arm-none-eabi/lib/thumb/v7e-m+dp/hard\libnosys.a(kill.o)
                0x000000000800f2bc                _kill
 .text._lseek   0x000000000800f2cc       0x10 c:/st/stm32cubeide_1.7.0/stm32cubeide/plugins/com.st.stm32cube.ide.mcu.externaltools.gnu-tools-for-stm32.10.3-2021.10.win32_1.0.0.202111181127/tools/bin/../lib/gcc/arm-none-eabi/10.3.1/../../../../arm-none-eabi/lib/thumb/v7e-m+dp/hard\libnosys.a(lseek.o)
                0x000000000800f2cc                _lseek
 .text._read    0x000000000800f2dc       0x10 c:/st/stm32cubeide_1.7.0/stm32cubeide/plugins/com.st.stm32cube.ide.mcu.externaltools.gnu-tools-for-stm32.10.3-2021.10.win32_1.0.0.202111181127/tools/bin/../lib/gcc/arm-none-eabi/10.3.1/../../../../arm-none-eabi/lib/thumb/v7e-m+dp/hard\libnosys.a(read.o)
                0x000000000800f2dc                _read
 .text._write   0x000000000800f2ec       0x10 c:/st/stm32cubeide_1.7.0/stm32cubeide/plugins/com.st.stm32cube.ide.mcu.externaltools.gnu-tools-for-stm32.10.3-2021.10.win32_1.0.0.202111181127/tools/bin/../lib/gcc/arm-none-eabi/10.3.1/../../../../arm-none-eabi/lib/thumb/v7e-m+dp/hard\libnosys.a(write.o)
                0x000000000800f2ec                _write