../Drivers/CMSIS/Include/core_cm7.h:1884:26:__NVIC_GetPriorityGrouping	4	static
../Drivers/CMSIS/Include/core_cm7.h:1896:22:__NVIC_EnableIRQ	16	static
../Drivers/CMSIS/Include/core_cm7.h:2024:22:__NVIC_SetPriority	16	static
../Drivers/CMSIS/Include/core_cm7.h:2071:26:NVIC_EncodePriority	40	static
../Drivers/CMSIS/Include/core_cm7.h:2229:22:SCB_EnableICache	4	static,ignoring_inline_asm
../Drivers/CMSIS/Include/core_cm7.h:2281:22:SCB_EnableDCache	24	static,ignoring_inline_asm
../Drivers/STM32F7xx_HAL_Driver/Inc/stm32f7xx_ll_rng.h:126:22:LL_RNG_Enable	16	static
../Drivers/STM32F7xx_HAL_Driver/Inc/stm32f7xx_ll_tim.h:1316:22:LL_TIM_EnableCounter	16	static
../Drivers/STM32F7xx_HAL_Driver/Inc/stm32f7xx_ll_tim.h:1327:22:LL_TIM_DisableCounter	16	static
../Drivers/STM32F7xx_HAL_Driver/Inc/stm32f7xx_ll_tim.h:1507:22:LL_TIM_DisableARRPreload	16	static
../Drivers/STM32F7xx_HAL_Driver/Inc/stm32f7xx_ll_tim.h:1569:22:LL_TIM_SetCounter	16	static
../Drivers/STM32F7xx_HAL_Driver/Inc/stm32f7xx_ll_tim.h:1582:26:LL_TIM_GetCounter	16	static
../Drivers/STM32F7xx_HAL_Driver/Inc/stm32f7xx_ll_tim.h:1651:26:LL_TIM_GetAutoReload	16	static
../Drivers/STM32F7xx_HAL_Driver/Inc/stm32f7xx_ll_tim.h:3719:22:LL_TIM_ClearFlag_UPDATE	16	static
../Drivers/STM32F7xx_HAL_Driver/Inc/stm32f7xx_ll_tim.h:4082:22:LL_TIM_EnableIT_UPDATE	16	static
../Drivers/STM32F7xx_HAL_Driver/Inc/stm32f7xx_ll_usart.h:553:22:LL_USART_Enable	16	static
../Drivers/STM32F7xx_HAL_Driver/Inc/stm32f7xx_ll_usart.h:2313:22:LL_USART_ConfigAsyncMode	16	static
../Drivers/STM32F7xx_HAL_Driver/Inc/stm32f7xx_ll_usart.h:2644:26:LL_USART_IsActiveFlag_TC	16	static
../Drivers/STM32F7xx_HAL_Driver/Inc/stm32f7xx_ll_usart.h:2909:22:LL_USART_ClearFlag_TC	16	static
../Drivers/STM32F7xx_HAL_Driver/Inc/stm32f7xx_ll_usart.h:3674:22:LL_USART_TransmitData8	16	static
../Drivers/STM32F7xx_HAL_Driver/Inc/stm32f7xx_ll_bus.h:309:22:LL_AHB1_GRP1_EnableClock	24	static
../Drivers/STM32F7xx_HAL_Driver/Inc/stm32f7xx_ll_bus.h:693:22:LL_AHB2_GRP1_EnableClock	24	static
../Drivers/STM32F7xx_HAL_Driver/Inc/stm32f7xx_ll_bus.h:1071:22:LL_APB1_GRP1_EnableClock	24	static
../Core/Src/main.c:139:5:main	104	dynamic
../Core/Src/main.c:231:6:SystemClock_Config	88	static
../Core/Src/main.c:285:13:MX_CRC_Init	8	static
../Core/Src/main.c:314:13:MX_ETH_Init	8	static
../Core/Src/main.c:362:13:MX_RNG_Init	152	static
../Core/Src/main.c:396:13:MX_TIM13_Init	32	static
../Core/Src/main.c:432:13:MX_TIM14_Init	32	static
../Core/Src/main.c:468:13:MX_USART3_UART_Init	208	static
../Core/Src/main.c:535:13:MX_USB_OTG_FS_PCD_Init	8	static
../Core/Src/main.c:568:13:MX_GPIO_Init	56	static
../Core/Src/main.c:615:9:sendDebugMsg	24	static
../Core/Src/main.c:632:6:configCounter	16	static
../Core/Src/main.c:638:7:getTimeus	32	static
../Core/Src/main.c:645:6:resetCounter	16	static
../Core/Src/main.c:650:7:PCATransformTest	176	dynamic
../Core/Src/main.c:682:6:randomInput	24	static
../Core/Src/main.c:689:6:randomMatrix	32	static
../Core/Src/main.c:698:6:calcPCA	40	static
../Core/Src/main.c:709:7:modelRun	744	static
../Core/Src/main.c:790:6:normalizationPred	24	static
../Core/Src/main.c:794:7:calcCP	24	static
../Core/Src/main.c:799:7:calcCM	24	static
../Core/Src/main.c:809:6:Error_Handler	4	static,ignoring_inline_asm
