../Drivers/STM32F7xx_HAL_Driver/Inc/stm32f7xx_ll_tim.h:1338:26:LL_TIM_IsEnabledCounter	16	static
../Drivers/STM32F7xx_HAL_Driver/Inc/stm32f7xx_ll_tim.h:3719:22:LL_TIM_ClearFlag_UPDATE	16	static
../Drivers/STM32F7xx_HAL_Driver/Inc/stm32f7xx_ll_tim.h:3730:26:LL_TIM_IsActiveFlag_UPDATE	16	static
../Core/Src/stm32f7xx_it.c:70:6:NMI_Handler	4	static
../Core/Src/stm32f7xx_it.c:84:6:HardFault_Handler	4	static
../Core/Src/stm32f7xx_it.c:99:6:MemManage_Handler	4	static
../Core/Src/stm32f7xx_it.c:114:6:BusFault_Handler	4	static
../Core/Src/stm32f7xx_it.c:129:6:UsageFault_Handler	4	static
../Core/Src/stm32f7xx_it.c:144:6:SVC_Handler	4	static
../Core/Src/stm32f7xx_it.c:157:6:DebugMon_Handler	4	static
../Core/Src/stm32f7xx_it.c:170:6:PendSV_Handler	4	static
../Core/Src/stm32f7xx_it.c:183:6:SysTick_Handler	8	static
../Core/Src/stm32f7xx_it.c:204:6:TIM8_UP_TIM13_IRQHandler	8	static
../Core/Src/stm32f7xx_it.c:223:6:TIM8_TRG_COM_TIM14_IRQHandler	8	static
