../Drivers/STM32F7xx_HAL_Driver/Inc/stm32f7xx_ll_tim.h:1611:22:LL_TIM_SetPrescaler	16	static
../Drivers/STM32F7xx_HAL_Driver/Inc/stm32f7xx_ll_tim.h:1638:22:LL_TIM_SetAutoReload	16	static
../Drivers/STM32F7xx_HAL_Driver/Inc/stm32f7xx_ll_tim.h:1666:22:LL_TIM_SetRepetitionCounter	16	static
../Drivers/STM32F7xx_HAL_Driver/Inc/stm32f7xx_ll_tim.h:2436:22:LL_TIM_OC_SetCompareCH1	16	static
../Drivers/STM32F7xx_HAL_Driver/Inc/stm32f7xx_ll_tim.h:2453:22:LL_TIM_OC_SetCompareCH2	16	static
../Drivers/STM32F7xx_HAL_Driver/Inc/stm32f7xx_ll_tim.h:2470:22:LL_TIM_OC_SetCompareCH3	16	static
../Drivers/STM32F7xx_HAL_Driver/Inc/stm32f7xx_ll_tim.h:2487:22:LL_TIM_OC_SetCompareCH4	16	static
../Drivers/STM32F7xx_HAL_Driver/Inc/stm32f7xx_ll_tim.h:2501:22:LL_TIM_OC_SetCompareCH5	16	static
../Drivers/STM32F7xx_HAL_Driver/Inc/stm32f7xx_ll_tim.h:2515:22:LL_TIM_OC_SetCompareCH6	16	static
../Drivers/STM32F7xx_HAL_Driver/Inc/stm32f7xx_ll_tim.h:3101:22:LL_TIM_SetEncoderMode	16	static
../Drivers/STM32F7xx_HAL_Driver/Inc/stm32f7xx_ll_tim.h:4591:22:LL_TIM_GenerateEvent_UPDATE	16	static
../Drivers/STM32F7xx_HAL_Driver/Inc/stm32f7xx_ll_bus.h:1295:22:LL_APB1_GRP1_ForceReset	16	static
../Drivers/STM32F7xx_HAL_Driver/Inc/stm32f7xx_ll_bus.h:1367:22:LL_APB1_GRP1_ReleaseReset	16	static
../Drivers/STM32F7xx_HAL_Driver/Inc/stm32f7xx_ll_bus.h:1768:22:LL_APB2_GRP1_ForceReset	16	static
../Drivers/STM32F7xx_HAL_Driver/Inc/stm32f7xx_ll_bus.h:1825:22:LL_APB2_GRP1_ReleaseReset	16	static
../Drivers/STM32F7xx_HAL_Driver/Src/stm32f7xx_ll_tim.c:216:13:LL_TIM_DeInit	24	static
../Drivers/STM32F7xx_HAL_Driver/Src/stm32f7xx_ll_tim.c:331:6:LL_TIM_StructInit	16	static
../Drivers/STM32F7xx_HAL_Driver/Src/stm32f7xx_ll_tim.c:350:13:LL_TIM_Init	24	static
../Drivers/STM32F7xx_HAL_Driver/Src/stm32f7xx_ll_tim.c:402:6:LL_TIM_OC_StructInit	16	static
../Drivers/STM32F7xx_HAL_Driver/Src/stm32f7xx_ll_tim.c:431:13:LL_TIM_OC_Init	32	static
../Drivers/STM32F7xx_HAL_Driver/Src/stm32f7xx_ll_tim.c:469:6:LL_TIM_IC_StructInit	16	static
../Drivers/STM32F7xx_HAL_Driver/Src/stm32f7xx_ll_tim.c:492:13:LL_TIM_IC_Init	32	static
../Drivers/STM32F7xx_HAL_Driver/Src/stm32f7xx_ll_tim.c:523:6:LL_TIM_ENCODER_StructInit	16	static
../Drivers/STM32F7xx_HAL_Driver/Src/stm32f7xx_ll_tim.c:546:13:LL_TIM_ENCODER_Init	24	static
../Drivers/STM32F7xx_HAL_Driver/Src/stm32f7xx_ll_tim.c:609:6:LL_TIM_HALLSENSOR_StructInit	16	static
../Drivers/STM32F7xx_HAL_Driver/Src/stm32f7xx_ll_tim.c:639:13:LL_TIM_HALLSENSOR_Init	32	static
../Drivers/STM32F7xx_HAL_Driver/Src/stm32f7xx_ll_tim.c:718:6:LL_TIM_BDTR_StructInit	16	static
../Drivers/STM32F7xx_HAL_Driver/Src/stm32f7xx_ll_tim.c:751:13:LL_TIM_BDTR_Init	24	static
../Drivers/STM32F7xx_HAL_Driver/Src/stm32f7xx_ll_tim.c:819:20:OC1Config	32	static
../Drivers/STM32F7xx_HAL_Driver/Src/stm32f7xx_ll_tim.c:898:20:OC2Config	32	static
../Drivers/STM32F7xx_HAL_Driver/Src/stm32f7xx_ll_tim.c:977:20:OC3Config	32	static
../Drivers/STM32F7xx_HAL_Driver/Src/stm32f7xx_ll_tim.c:1056:20:OC4Config	32	static
../Drivers/STM32F7xx_HAL_Driver/Src/stm32f7xx_ll_tim.c:1126:20:OC5Config	24	static
../Drivers/STM32F7xx_HAL_Driver/Src/stm32f7xx_ll_tim.c:1187:20:OC6Config	24	static
../Drivers/STM32F7xx_HAL_Driver/Src/stm32f7xx_ll_tim.c:1247:20:IC1Config	16	static
../Drivers/STM32F7xx_HAL_Driver/Src/stm32f7xx_ll_tim.c:1280:20:IC2Config	16	static
../Drivers/STM32F7xx_HAL_Driver/Src/stm32f7xx_ll_tim.c:1313:20:IC3Config	16	static
../Drivers/STM32F7xx_HAL_Driver/Src/stm32f7xx_ll_tim.c:1346:20:IC4Config	16	static
